Component: ARM Compiler 5.06 update 4 (build 422) Tool: armlink [4d35d2]

==============================================================================

Section Cross References

    main.o(i.Error_Handler) refers to stm32l476g_eval.o(i.BSP_LED_On) for BSP_LED_On
    main.o(i.SystemClock_Config) refers to memseta.o(.text) for __aeabi_memclr4
    main.o(i.SystemClock_Config) refers to stm32l4xx_hal_rcc.o(i.HAL_RCC_OscConfig) for HAL_RCC_OscConfig
    main.o(i.SystemClock_Config) refers to stm32l4xx_hal_rcc.o(i.HAL_RCC_ClockConfig) for HAL_RCC_ClockConfig
    main.o(i.main) refers to stm32l4xx_hal.o(i.HAL_Init) for HAL_Init
    main.o(i.main) refers to stm32l476g_eval.o(i.BSP_LED_Init) for BSP_LED_Init
    main.o(i.main) refers to main.o(i.SystemClock_Config) for SystemClock_Config
    main.o(i.main) refers to stm32l4xx_hal_adc.o(i.HAL_ADC_DeInit) for HAL_ADC_DeInit
    main.o(i.main) refers to stm32l4xx_hal_adc.o(i.HAL_ADC_Init) for HAL_ADC_Init
    main.o(i.main) refers to stm32l4xx_hal_adc_ex.o(i.HAL_ADCEx_Calibration_Start) for HAL_ADCEx_Calibration_Start
    main.o(i.main) refers to stm32l4xx_hal_adc.o(i.HAL_ADC_ConfigChannel) for HAL_ADC_ConfigChannel
    main.o(i.main) refers to stm32l4xx_hal_adc.o(i.HAL_ADC_Start_DMA) for HAL_ADC_Start_DMA
    main.o(i.main) refers to main.o(i.Error_Handler) for Error_Handler
    main.o(i.main) refers to main.o(.bss) for .bss
    stm32l4xx_it.o(i.DMA1_Channel1_IRQHandler) refers to stm32l4xx_hal_dma.o(i.HAL_DMA_IRQHandler) for HAL_DMA_IRQHandler
    stm32l4xx_it.o(i.DMA1_Channel1_IRQHandler) refers to main.o(.bss) for AdcHandle
    stm32l4xx_it.o(i.SysTick_Handler) refers to stm32l4xx_hal.o(i.HAL_IncTick) for HAL_IncTick
    stm32l4xx_hal_msp.o(i.HAL_ADC_MspDeInit) refers to stm32l4xx_hal_gpio.o(i.HAL_GPIO_DeInit) for HAL_GPIO_DeInit
    stm32l4xx_hal_msp.o(i.HAL_ADC_MspInit) refers to stm32l4xx_hal_gpio.o(i.HAL_GPIO_Init) for HAL_GPIO_Init
    stm32l4xx_hal_msp.o(i.HAL_ADC_MspInit) refers to stm32l4xx_hal_dma.o(i.HAL_DMA_DeInit) for HAL_DMA_DeInit
    stm32l4xx_hal_msp.o(i.HAL_ADC_MspInit) refers to stm32l4xx_hal_dma.o(i.HAL_DMA_Init) for HAL_DMA_Init
    stm32l4xx_hal_msp.o(i.HAL_ADC_MspInit) refers to stm32l4xx_hal_cortex.o(i.HAL_NVIC_SetPriority) for HAL_NVIC_SetPriority
    stm32l4xx_hal_msp.o(i.HAL_ADC_MspInit) refers to stm32l4xx_hal_cortex.o(i.HAL_NVIC_EnableIRQ) for HAL_NVIC_EnableIRQ
    stm32l4xx_hal_msp.o(i.HAL_ADC_MspInit) refers to stm32l4xx_hal_msp.o(.bss) for .bss
    stm32l476g_eval.o(i.BSP_COM_Init) refers to memseta.o(.text) for __aeabi_memclr4
    stm32l476g_eval.o(i.BSP_COM_Init) refers to stm32l4xx_hal_gpio.o(i.HAL_GPIO_Init) for HAL_GPIO_Init
    stm32l476g_eval.o(i.BSP_COM_Init) refers to stm32l4xx_hal_uart.o(i.HAL_UART_Init) for HAL_UART_Init
    stm32l476g_eval.o(i.BSP_COM_Init) refers to stm32l476g_eval.o(.constdata) for .constdata
    stm32l476g_eval.o(i.BSP_COM_Init) refers to stm32l476g_eval.o(.data) for .data
    stm32l476g_eval.o(i.BSP_LED_Init) refers to memseta.o(.text) for __aeabi_memclr4
    stm32l476g_eval.o(i.BSP_LED_Init) refers to stm32l4xx_hal_gpio.o(i.HAL_GPIO_Init) for HAL_GPIO_Init
    stm32l476g_eval.o(i.BSP_LED_Init) refers to stm32l4xx_hal_gpio.o(i.HAL_GPIO_WritePin) for HAL_GPIO_WritePin
    stm32l476g_eval.o(i.BSP_LED_Init) refers to stm32l476g_eval.o(.constdata) for .constdata
    stm32l476g_eval.o(i.BSP_LED_Init) refers to stm32l476g_eval.o(.data) for .data
    stm32l476g_eval.o(i.BSP_LED_Off) refers to stm32l4xx_hal_gpio.o(i.HAL_GPIO_WritePin) for HAL_GPIO_WritePin
    stm32l476g_eval.o(i.BSP_LED_Off) refers to stm32l476g_eval.o(.constdata) for .constdata
    stm32l476g_eval.o(i.BSP_LED_Off) refers to stm32l476g_eval.o(.data) for .data
    stm32l476g_eval.o(i.BSP_LED_On) refers to stm32l4xx_hal_gpio.o(i.HAL_GPIO_WritePin) for HAL_GPIO_WritePin
    stm32l476g_eval.o(i.BSP_LED_On) refers to stm32l476g_eval.o(.constdata) for .constdata
    stm32l476g_eval.o(i.BSP_LED_On) refers to stm32l476g_eval.o(.data) for .data
    stm32l476g_eval.o(i.BSP_LED_Toggle) refers to stm32l4xx_hal_gpio.o(i.HAL_GPIO_TogglePin) for HAL_GPIO_TogglePin
    stm32l476g_eval.o(i.BSP_LED_Toggle) refers to stm32l476g_eval.o(.constdata) for .constdata
    stm32l476g_eval.o(i.BSP_LED_Toggle) refers to stm32l476g_eval.o(.data) for .data
    stm32l476g_eval.o(i.BSP_PB_GetState) refers to stm32l4xx_hal_gpio.o(i.HAL_GPIO_ReadPin) for HAL_GPIO_ReadPin
    stm32l476g_eval.o(i.BSP_PB_GetState) refers to stm32l476g_eval.o(.constdata) for .constdata
    stm32l476g_eval.o(i.BSP_PB_GetState) refers to stm32l476g_eval.o(.data) for .data
    stm32l476g_eval.o(i.BSP_PB_Init) refers to memseta.o(.text) for __aeabi_memclr4
    stm32l476g_eval.o(i.BSP_PB_Init) refers to stm32l4xx_hal_gpio.o(i.HAL_GPIO_Init) for HAL_GPIO_Init
    stm32l476g_eval.o(i.BSP_PB_Init) refers to stm32l4xx_hal_cortex.o(i.HAL_NVIC_SetPriority) for HAL_NVIC_SetPriority
    stm32l476g_eval.o(i.BSP_PB_Init) refers to stm32l4xx_hal_cortex.o(i.HAL_NVIC_EnableIRQ) for HAL_NVIC_EnableIRQ
[...]
    stm32l4xx_hal_adc.o(i.HAL_ADC_Start_DMA) refers to stm32l4xx_hal_adc.o(i.LL_ADC_REG_IsConversionOngoing) for LL_ADC_REG_IsConversionOngoing
    stm32l4xx_hal_adc.o(i.HAL_ADC_Start_DMA) refers to stm32l4xx_hal_adc.o(i.ADC_Enable) for ADC_Enable
    stm32l4xx_hal_adc.o(i.HAL_ADC_Start_DMA) refers to stm32l4xx_hal_dma.o(i.HAL_DMA_Start_IT) for HAL_DMA_Start_IT
    stm32l4xx_hal_adc.o(i.HAL_ADC_Start_DMA) refers to stm32l4xx_hal_adc.o(i.ADC_DMAConvCplt) for ADC_DMAConvCplt
    stm32l4xx_hal_adc.o(i.HAL_ADC_Start_DMA) refers to stm32l4xx_hal_adc.o(i.ADC_DMAHalfConvCplt) for ADC_DMAHalfConvCplt
    stm32l4xx_hal_adc.o(i.HAL_ADC_Start_DMA) refers to stm32l4xx_hal_adc.o(i.ADC_DMAError) for ADC_DMAError
    stm32l4xx_hal_adc.o(i.HAL_ADC_Start_IT) refers to stm32l4xx_hal_adc.o(i.LL_ADC_REG_IsConversionOngoing) for LL_ADC_REG_IsConversionOngoing
    stm32l4xx_hal_adc.o(i.HAL_ADC_Start_IT) refers to stm32l4xx_hal_adc.o(i.ADC_Enable) for ADC_Enable
    stm32l4xx_hal_adc.o(i.HAL_ADC_Stop) refers to stm32l4xx_hal_adc.o(i.ADC_ConversionStop) for ADC_ConversionStop
    stm32l4xx_hal_adc.o(i.HAL_ADC_Stop) refers to stm32l4xx_hal_adc.o(i.ADC_Disable) for ADC_Disable
    stm32l4xx_hal_adc.o(i.HAL_ADC_Stop_DMA) refers to stm32l4xx_hal_adc.o(i.ADC_ConversionStop) for ADC_ConversionStop
    stm32l4xx_hal_adc.o(i.HAL_ADC_Stop_DMA) refers to stm32l4xx_hal_dma.o(i.HAL_DMA_Abort) for HAL_DMA_Abort
    stm32l4xx_hal_adc.o(i.HAL_ADC_Stop_DMA) refers to stm32l4xx_hal_adc.o(i.ADC_Disable) for ADC_Disable
    stm32l4xx_hal_adc.o(i.HAL_ADC_Stop_IT) refers to stm32l4xx_hal_adc.o(i.ADC_ConversionStop) for ADC_ConversionStop
    stm32l4xx_hal_adc.o(i.HAL_ADC_Stop_IT) refers to stm32l4xx_hal_adc.o(i.ADC_Disable) for ADC_Disable
    stm32l4xx_hal_cortex.o(i.HAL_NVIC_SetPriority) refers to stm32l4xx_hal_cortex.o(i.NVIC_SetPriority) for NVIC_SetPriority
    stm32l4xx_hal_cortex.o(i.HAL_SYSTICK_Config) refers to stm32l4xx_hal_cortex.o(i.NVIC_SetPriority) for NVIC_SetPriority
    stm32l4xx_hal_cortex.o(i.HAL_SYSTICK_IRQHandler) refers to stm32l4xx_hal_cortex.o(i.HAL_SYSTICK_Callback) for HAL_SYSTICK_Callback
    stm32l4xx_hal_rcc_ex.o(i.HAL_RCCEx_DisableLSCO) refers to stm32l4xx_hal_pwr.o(i.HAL_PWR_EnableBkUpAccess) for HAL_PWR_EnableBkUpAccess
    stm32l4xx_hal_rcc_ex.o(i.HAL_RCCEx_DisableLSCO) refers to stm32l4xx_hal_pwr.o(i.HAL_PWR_DisableBkUpAccess) for HAL_PWR_DisableBkUpAccess
    stm32l4xx_hal_rcc_ex.o(i.HAL_RCCEx_DisablePLLSAI1) refers to stm32l4xx_hal.o(i.HAL_GetTick) for HAL_GetTick
    stm32l4xx_hal_rcc_ex.o(i.HAL_RCCEx_DisablePLLSAI2) refers to stm32l4xx_hal.o(i.HAL_GetTick) for HAL_GetTick
    stm32l4xx_hal_rcc_ex.o(i.HAL_RCCEx_EnableLSCO) refers to stm32l4xx_hal_gpio.o(i.HAL_GPIO_Init) for HAL_GPIO_Init
    stm32l4xx_hal_rcc_ex.o(i.HAL_RCCEx_EnableLSCO) refers to stm32l4xx_hal_pwr.o(i.HAL_PWR_EnableBkUpAccess) for HAL_PWR_EnableBkUpAccess
    stm32l4xx_hal_rcc_ex.o(i.HAL_RCCEx_EnableLSCO) refers to stm32l4xx_hal_pwr.o(i.HAL_PWR_DisableBkUpAccess) for HAL_PWR_DisableBkUpAccess
    stm32l4xx_hal_rcc_ex.o(i.HAL_RCCEx_EnablePLLSAI1) refers to stm32l4xx_hal.o(i.HAL_GetTick) for HAL_GetTick
    stm32l4xx_hal_rcc_ex.o(i.HAL_RCCEx_EnablePLLSAI2) refers to stm32l4xx_hal.o(i.HAL_GetTick) for HAL_GetTick
    stm32l4xx_hal_rcc_ex.o(i.HAL_RCCEx_GetPeriphCLKFreq) refers to stm32l4xx_hal_rcc.o(i.HAL_RCC_GetPCLK2Freq) for HAL_RCC_GetPCLK2Freq
    stm32l4xx_hal_rcc_ex.o(i.HAL_RCCEx_GetPeriphCLKFreq) refers to stm32l4xx_hal_rcc.o(i.HAL_RCC_GetSysClockFreq) for HAL_RCC_GetSysClockFreq
    stm32l4xx_hal_rcc_ex.o(i.HAL_RCCEx_GetPeriphCLKFreq) refers to system_stm32l4xx.o(.constdata) for MSIRangeTable
    stm32l4xx_hal_rcc_ex.o(i.HAL_RCCEx_GetPeriphCLKFreq) refers to stm32l4xx_hal_rcc.o(i.HAL_RCC_GetPCLK1Freq) for HAL_RCC_GetPCLK1Freq
    stm32l4xx_hal_rcc_ex.o(i.HAL_RCCEx_LSECSS_IRQHandler) refers to stm32l4xx_hal_rcc_ex.o(i.HAL_RCCEx_LSECSS_Callback) for HAL_RCCEx_LSECSS_Callback
    stm32l4xx_hal_rcc_ex.o(i.HAL_RCCEx_PeriphCLKConfig) refers to stm32l4xx_hal_rcc_ex.o(i.RCCEx_PLLSAI1_Config) for RCCEx_PLLSAI1_Config
    stm32l4xx_hal_rcc_ex.o(i.HAL_RCCEx_PeriphCLKConfig) refers to stm32l4xx_hal_rcc_ex.o(i.RCCEx_PLLSAI2_Config) for RCCEx_PLLSAI2_Config
    stm32l4xx_hal_rcc_ex.o(i.HAL_RCCEx_PeriphCLKConfig) refers to stm32l4xx_hal.o(i.HAL_GetTick) for HAL_GetTick
    stm32l4xx_hal_rcc_ex.o(i.RCCEx_PLLSAI1_Config) refers to stm32l4xx_hal.o(i.HAL_GetTick) for HAL_GetTick
    stm32l4xx_hal_rcc_ex.o(i.RCCEx_PLLSAI2_Config) refers to stm32l4xx_hal.o(i.HAL_GetTick) for HAL_GetTick
    stm32l4xx_hal_uart_ex.o(i.HAL_MultiProcessorEx_AddressLength_Set) refers to stm32l4xx_hal_uart.o(i.UART_CheckIdleState) for UART_CheckIdleState
    stm32l4xx_hal_uart_ex.o(i.HAL_RS485Ex_Init) refers to stm32l4xx_hal_uart.o(i.HAL_UART_MspInit) for HAL_UART_MspInit
    stm32l4xx_hal_uart_ex.o(i.HAL_RS485Ex_Init) refers to stm32l4xx_hal_uart.o(i.UART_SetConfig) for UART_SetConfig
    stm32l4xx_hal_uart_ex.o(i.HAL_RS485Ex_Init) refers to stm32l4xx_hal_uart.o(i.UART_AdvFeatureConfig) for UART_AdvFeatureConfig
    stm32l4xx_hal_uart_ex.o(i.HAL_RS485Ex_Init) refers to stm32l4xx_hal_uart.o(i.UART_CheckIdleState) for UART_CheckIdleState
    stm32l4xx_hal_uart_ex.o(i.HAL_UARTEx_StopModeWakeUpSourceConfig) refers to stm32l4xx_hal.o(i.HAL_GetTick) for HAL_GetTick
    stm32l4xx_hal_uart_ex.o(i.HAL_UARTEx_StopModeWakeUpSourceConfig) refers to stm32l4xx_hal_uart.o(i.UART_WaitOnFlagUntilTimeout) for UART_WaitOnFlagUntilTimeout
    stm32l4xx_hal_gpio.o(i.HAL_GPIO_EXTI_IRQHandler) refers to stm32l4xx_hal_gpio.o(i.HAL_GPIO_EXTI_Callback) for HAL_GPIO_EXTI_Callback
    stm32l4xx_hal_rcc.o(i.HAL_RCC_ClockConfig) refers to stm32l4xx_hal.o(i.HAL_GetTick) for HAL_GetTick
    stm32l4xx_hal_rcc.o(i.HAL_RCC_ClockConfig) refers to stm32l4xx_hal_rcc.o(i.HAL_RCC_GetSysClockFreq) for HAL_RCC_GetSysClockFreq
    stm32l4xx_hal_rcc.o(i.HAL_RCC_ClockConfig) refers to stm32l4xx_hal.o(i.HAL_InitTick) for HAL_InitTick
    stm32l4xx_hal_rcc.o(i.HAL_RCC_ClockConfig) refers to system_stm32l4xx.o(.constdata) for AHBPrescTable
    stm32l4xx_hal_rcc.o(i.HAL_RCC_ClockConfig) refers to system_stm32l4xx.o(.data) for SystemCoreClock
    stm32l4xx_hal_rcc.o(i.HAL_RCC_DeInit) refers to system_stm32l4xx.o(.data) for SystemCoreClock
    stm32l4xx_hal_rcc.o(i.HAL_RCC_GetHCLKFreq) refers to system_stm32l4xx.o(.data) for SystemCoreClock
    stm32l4xx_hal_rcc.o(i.HAL_RCC_GetPCLK1Freq) refers to system_stm32l4xx.o(.data) for SystemCoreClock
    stm32l4xx_hal_rcc.o(i.HAL_RCC_GetPCLK1Freq) refers to system_stm32l4xx.o(.constdata) for APBPrescTable
    stm32l4xx_hal_rcc.o(i.HAL_RCC_GetPCLK2Freq) refers to system_stm32l4xx.o(.data) for SystemCoreClock
    stm32l4xx_hal_rcc.o(i.HAL_RCC_GetPCLK2Freq) refers to system_stm32l4xx.o(.constdata) for APBPrescTable
    stm32l4xx_hal_rcc.o(i.HAL_RCC_GetSysClockFreq) refers to system_stm32l4xx.o(.constdata) for MSIRangeTable
    stm32l4xx_hal_rcc.o(i.HAL_RCC_MCOConfig) refers to stm32l4xx_hal_gpio.o(i.HAL_GPIO_Init) for HAL_GPIO_Init
    stm32l4xx_hal_rcc.o(i.HAL_RCC_NMI_IRQHandler) refers to stm32l4xx_hal_rcc.o(i.HAL_RCC_CSSCallback) for HAL_RCC_CSSCallback
    stm32l4xx_hal_rcc.o(i.HAL_RCC_OscConfig) refers to stm32l4xx_hal.o(i.HAL_GetTick) for HAL_GetTick
    stm32l4xx_hal_rcc.o(i.HAL_RCC_OscConfig) refers to stm32l4xx_hal_rcc.o(i.RCC_SetFlashLatencyFromMSIRange) for RCC_SetFlashLatencyFromMSIRange
    stm32l4xx_hal_rcc.o(i.HAL_RCC_OscConfig) refers to stm32l4xx_hal_rcc.o(i.HAL_RCC_GetSysClockFreq) for HAL_RCC_GetSysClockFreq
    stm32l4xx_hal_rcc.o(i.HAL_RCC_OscConfig) refers to stm32l4xx_hal.o(i.HAL_InitTick) for HAL_InitTick
    stm32l4xx_hal_rcc.o(i.HAL_RCC_OscConfig) refers to system_stm32l4xx.o(.constdata) for AHBPrescTable
    stm32l4xx_hal_rcc.o(i.HAL_RCC_OscConfig) refers to system_stm32l4xx.o(.data) for SystemCoreClock
    stm32l4xx_hal_rcc.o(i.RCC_SetFlashLatencyFromMSIRange) refers to stm32l4xx_hal_pwr_ex.o(i.HAL_PWREx_GetVoltageRange) for HAL_PWREx_GetVoltageRange
    stm32l4xx_hal.o(i.HAL_DeInit) refers to stm32l4xx_hal_msp.o(i.HAL_MspDeInit) for HAL_MspDeInit
    stm32l4xx_hal.o(i.HAL_Delay) refers to stm32l4xx_hal.o(i.HAL_GetTick) for HAL_GetTick
    stm32l4xx_hal.o(i.HAL_GetTick) refers to stm32l4xx_hal.o(.data) for .data
    stm32l4xx_hal.o(i.HAL_IncTick) refers to stm32l4xx_hal.o(.data) for .data
    stm32l4xx_hal.o(i.HAL_Init) refers to stm32l4xx_hal_cortex.o(i.HAL_NVIC_SetPriorityGrouping) for HAL_NVIC_SetPriorityGrouping
    stm32l4xx_hal.o(i.HAL_Init) refers to stm32l4xx_hal.o(i.HAL_InitTick) for HAL_InitTick
    stm32l4xx_hal.o(i.HAL_Init) refers to stm32l4xx_hal_msp.o(i.HAL_MspInit) for HAL_MspInit
    stm32l4xx_hal.o(i.HAL_InitTick) refers to stm32l4xx_hal_cortex.o(i.HAL_SYSTICK_Config) for HAL_SYSTICK_Config
    stm32l4xx_hal.o(i.HAL_InitTick) refers to stm32l4xx_hal_cortex.o(i.HAL_NVIC_SetPriority) for HAL_NVIC_SetPriority
    stm32l4xx_hal.o(i.HAL_InitTick) refers to system_stm32l4xx.o(.data) for SystemCoreClock
    stm32l4xx_hal.o(i.HAL_SYSCFG_EnableVREFBUF) refers to stm32l4xx_hal.o(i.HAL_GetTick) for HAL_GetTick
    stm32l4xx_hal_uart.o(i.HAL_HalfDuplex_Init) refers to stm32l4xx_hal_uart.o(i.HAL_UART_MspInit) for HAL_UART_MspInit
    stm32l4xx_hal_uart.o(i.HAL_HalfDuplex_Init) refers to stm32l4xx_hal_uart.o(i.UART_SetConfig) for UART_SetConfig
    stm32l4xx_hal_uart.o(i.HAL_HalfDuplex_Init) refers to stm32l4xx_hal_uart.o(i.UART_AdvFeatureConfig) for UART_AdvFeatureConfig
    stm32l4xx_hal_uart.o(i.HAL_HalfDuplex_Init) refers to stm32l4xx_hal_uart.o(i.UART_CheckIdleState) for UART_CheckIdleState
    stm32l4xx_hal_uart.o(i.HAL_LIN_Init) refers to stm32l4xx_hal_uart.o(i.HAL_UART_MspInit) for HAL_UART_MspInit
    stm32l4xx_hal_uart.o(i.HAL_LIN_Init) refers to stm32l4xx_hal_uart.o(i.UART_SetConfig) for UART_SetConfig
    stm32l4xx_hal_uart.o(i.HAL_LIN_Init) refers to stm32l4xx_hal_uart.o(i.UART_AdvFeatureConfig) for UART_AdvFeatureConfig
    stm32l4xx_hal_uart.o(i.HAL_LIN_Init) refers to stm32l4xx_hal_uart.o(i.UART_CheckIdleState) for UART_CheckIdleState
    stm32l4xx_hal_uart.o(i.HAL_MultiProcessor_DisableMuteMode) refers to stm32l4xx_hal_uart.o(i.UART_CheckIdleState) for UART_CheckIdleState
    stm32l4xx_hal_uart.o(i.HAL_MultiProcessor_EnableMuteMode) refers to stm32l4xx_hal_uart.o(i.UART_CheckIdleState) for UART_CheckIdleState
    stm32l4xx_hal_uart.o(i.HAL_MultiProcessor_Init) refers to stm32l4xx_hal_uart.o(i.HAL_UART_MspInit) for HAL_UART_MspInit
    stm32l4xx_hal_uart.o(i.HAL_MultiProcessor_Init) refers to stm32l4xx_hal_uart.o(i.UART_SetConfig) for UART_SetConfig
    stm32l4xx_hal_uart.o(i.HAL_MultiProcessor_Init) refers to stm32l4xx_hal_uart.o(i.UART_AdvFeatureConfig) for UART_AdvFeatureConfig
    stm32l4xx_hal_uart.o(i.HAL_MultiProcessor_Init) refers to stm32l4xx_hal_uart.o(i.UART_CheckIdleState) for UART_CheckIdleState
    stm32l4xx_hal_uart.o(i.HAL_UART_Abort) refers to stm32l4xx_hal_dma.o(i.HAL_DMA_Abort) for HAL_DMA_Abort
    stm32l4xx_hal_uart.o(i.HAL_UART_AbortReceive) refers to stm32l4xx_hal_dma.o(i.HAL_DMA_Abort) for HAL_DMA_Abort
    stm32l4xx_hal_uart.o(i.HAL_UART_AbortReceive_IT) refers to stm32l4xx_hal_dma.o(i.HAL_DMA_Abort_IT) for HAL_DMA_Abort_IT
    stm32l4xx_hal_uart.o(i.HAL_UART_AbortReceive_IT) refers to stm32l4xx_hal_uart.o(i.HAL_UART_AbortReceiveCpltCallback) for HAL_UART_AbortReceiveCpltCallback
    stm32l4xx_hal_uart.o(i.HAL_UART_AbortReceive_IT) refers to stm32l4xx_hal_uart.o(i.UART_DMARxOnlyAbortCallback) for UART_DMARxOnlyAbortCallback
    stm32l4xx_hal_uart.o(i.HAL_UART_AbortTransmit) refers to stm32l4xx_hal_dma.o(i.HAL_DMA_Abort) for HAL_DMA_Abort
    stm32l4xx_hal_uart.o(i.HAL_UART_AbortTransmit_IT) refers to stm32l4xx_hal_dma.o(i.HAL_DMA_Abort_IT) for HAL_DMA_Abort_IT
    stm32l4xx_hal_uart.o(i.HAL_UART_AbortTransmit_IT) refers to stm32l4xx_hal_uart.o(i.HAL_UART_AbortTransmitCpltCallback) for HAL_UART_AbortTransmitCpltCallback
    stm32l4xx_hal_uart.o(i.HAL_UART_AbortTransmit_IT) refers to stm32l4xx_hal_uart.o(i.UART_DMATxOnlyAbortCallback) for UART_DMATxOnlyAbortCallback
    stm32l4xx_hal_uart.o(i.HAL_UART_Abort_IT) refers to stm32l4xx_hal_dma.o(i.HAL_DMA_Abort_IT) for HAL_DMA_Abort_IT
    stm32l4xx_hal_uart.o(i.HAL_UART_Abort_IT) refers to stm32l4xx_hal_uart.o(i.HAL_UART_AbortCpltCallback) for HAL_UART_AbortCpltCallback
    stm32l4xx_hal_uart.o(i.HAL_UART_Abort_IT) refers to stm32l4xx_hal_uart.o(i.UART_DMATxAbortCallback) for UART_DMATxAbortCallback
    stm32l4xx_hal_uart.o(i.HAL_UART_Abort_IT) refers to stm32l4xx_hal_uart.o(i.UART_DMARxAbortCallback) for UART_DMARxAbortCallback
    stm32l4xx_hal_uart.o(i.HAL_UART_DMAStop) refers to stm32l4xx_hal_dma.o(i.HAL_DMA_Abort) for HAL_DMA_Abort
    stm32l4xx_hal_uart.o(i.HAL_UART_DMAStop) refers to stm32l4xx_hal_uart.o(i.UART_EndTxTransfer) for UART_EndTxTransfer
    stm32l4xx_hal_uart.o(i.HAL_UART_DMAStop) refers to stm32l4xx_hal_uart.o(i.UART_EndRxTransfer) for UART_EndRxTransfer
    stm32l4xx_hal_uart.o(i.HAL_UART_DeInit) refers to stm32l4xx_hal_uart.o(i.HAL_UART_MspDeInit) for HAL_UART_MspDeInit
    stm32l4xx_hal_uart.o(i.HAL_UART_IRQHandler) refers to stm32l4xx_hal_uart.o(i.UART_EndRxTransfer) for UART_EndRxTransfer
    stm32l4xx_hal_uart.o(i.HAL_UART_IRQHandler) refers to stm32l4xx_hal_dma.o(i.HAL_DMA_Abort_IT) for HAL_DMA_Abort_IT
    stm32l4xx_hal_uart.o(i.HAL_UART_IRQHandler) refers to stm32l4xx_hal_uart.o(i.HAL_UART_ErrorCallback) for HAL_UART_ErrorCallback
    stm32l4xx_hal_uart.o(i.HAL_UART_IRQHandler) refers to stm32l4xx_hal_uart_ex.o(i.HAL_UARTEx_WakeupCallback) for HAL_UARTEx_WakeupCallback
    stm32l4xx_hal_uart.o(i.HAL_UART_IRQHandler) refers to stm32l4xx_hal_uart.o(i.HAL_UART_TxCpltCallback) for HAL_UART_TxCpltCallback
    stm32l4xx_hal_uart.o(i.HAL_UART_IRQHandler) refers to stm32l4xx_hal_uart.o(i.UART_DMAAbortOnError) for UART_DMAAbortOnError
    stm32l4xx_hal_uart.o(i.HAL_UART_Init) refers to stm32l4xx_hal_uart.o(i.HAL_UART_MspInit) for HAL_UART_MspInit
    stm32l4xx_hal_uart.o(i.HAL_UART_Init) refers to stm32l4xx_hal_uart.o(i.UART_SetConfig) for UART_SetConfig
    stm32l4xx_hal_uart.o(i.HAL_UART_Init) refers to stm32l4xx_hal_uart.o(i.UART_AdvFeatureConfig) for UART_AdvFeatureConfig
    stm32l4xx_hal_uart.o(i.HAL_UART_Init) refers to stm32l4xx_hal_uart.o(i.UART_CheckIdleState) for UART_CheckIdleState
    stm32l4xx_hal_uart.o(i.HAL_UART_Receive) refers to stm32l4xx_hal.o(i.HAL_GetTick) for HAL_GetTick
    stm32l4xx_hal_uart.o(i.HAL_UART_Receive) refers to stm32l4xx_hal_uart.o(i.UART_WaitOnFlagUntilTimeout) for UART_WaitOnFlagUntilTimeout
    stm32l4xx_hal_uart.o(i.HAL_UART_Receive_DMA) refers to stm32l4xx_hal_dma.o(i.HAL_DMA_Start_IT) for HAL_DMA_Start_IT
    stm32l4xx_hal_uart.o(i.HAL_UART_Receive_DMA) refers to stm32l4xx_hal_uart.o(i.UART_DMAReceiveCplt) for UART_DMAReceiveCplt
    stm32l4xx_hal_uart.o(i.HAL_UART_Receive_DMA) refers to stm32l4xx_hal_uart.o(i.UART_DMARxHalfCplt) for UART_DMARxHalfCplt
    stm32l4xx_hal_uart.o(i.HAL_UART_Receive_DMA) refers to stm32l4xx_hal_uart.o(i.UART_DMAError) for UART_DMAError
    stm32l4xx_hal_uart.o(i.HAL_UART_Receive_IT) refers to stm32l4xx_hal_uart.o(i.UART_RxISR_8BIT) for UART_RxISR_8BIT
    stm32l4xx_hal_uart.o(i.HAL_UART_Receive_IT) refers to stm32l4xx_hal_uart.o(i.UART_RxISR_16BIT) for UART_RxISR_16BIT
    stm32l4xx_hal_uart.o(i.HAL_UART_Transmit) refers to stm32l4xx_hal.o(i.HAL_GetTick) for HAL_GetTick
    stm32l4xx_hal_uart.o(i.HAL_UART_Transmit) refers to stm32l4xx_hal_uart.o(i.UART_WaitOnFlagUntilTimeout) for UART_WaitOnFlagUntilTimeout
    stm32l4xx_hal_uart.o(i.HAL_UART_Transmit_DMA) refers to stm32l4xx_hal_dma.o(i.HAL_DMA_Start_IT) for HAL_DMA_Start_IT
    stm32l4xx_hal_uart.o(i.HAL_UART_Transmit_DMA) refers to stm32l4xx_hal_uart.o(i.UART_DMATransmitCplt) for UART_DMATransmitCplt
    stm32l4xx_hal_uart.o(i.HAL_UART_Transmit_DMA) refers to stm32l4xx_hal_uart.o(i.UART_DMATxHalfCplt) for UART_DMATxHalfCplt
    stm32l4xx_hal_uart.o(i.HAL_UART_Transmit_DMA) refers to stm32l4xx_hal_uart.o(i.UART_DMAError) for UART_DMAError
    stm32l4xx_hal_uart.o(i.HAL_UART_Transmit_IT) refers to stm32l4xx_hal_uart.o(i.UART_TxISR_8BIT) for UART_TxISR_8BIT
    stm32l4xx_hal_uart.o(i.HAL_UART_Transmit_IT) refers to stm32l4xx_hal_uart.o(i.UART_TxISR_16BIT) for UART_TxISR_16BIT
    stm32l4xx_hal_uart.o(i.UART_CheckIdleState) refers to stm32l4xx_hal.o(i.HAL_GetTick) for HAL_GetTick
    stm32l4xx_hal_uart.o(i.UART_CheckIdleState) refers to stm32l4xx_hal_uart.o(i.UART_WaitOnFlagUntilTimeout) for UART_WaitOnFlagUntilTimeout
    stm32l4xx_hal_uart.o(i.UART_DMAAbortOnError) refers to stm32l4xx_hal_uart.o(i.HAL_UART_ErrorCallback) for HAL_UART_ErrorCallback
    stm32l4xx_hal_uart.o(i.UART_DMAError) refers to stm32l4xx_hal_uart.o(i.UART_EndTxTransfer) for UART_EndTxTransfer
    stm32l4xx_hal_uart.o(i.UART_DMAError) refers to stm32l4xx_hal_uart.o(i.UART_EndRxTransfer) for UART_EndRxTransfer
    stm32l4xx_hal_uart.o(i.UART_DMAError) refers to stm32l4xx_hal_uart.o(i.HAL_UART_ErrorCallback) for HAL_UART_ErrorCallback
    stm32l4xx_hal_uart.o(i.UART_DMAReceiveCplt) refers to stm32l4xx_hal_uart.o(i.HAL_UART_RxCpltCallback) for HAL_UART_RxCpltCallback
    stm32l4xx_hal_uart.o(i.UART_DMARxAbortCallback) refers to stm32l4xx_hal_uart.o(i.HAL_UART_AbortCpltCallback) for HAL_UART_AbortCpltCallback
    stm32l4xx_hal_uart.o(i.UART_DMARxHalfCplt) refers to stm32l4xx_hal_uart.o(i.HAL_UART_RxHalfCpltCallback) for HAL_UART_RxHalfCpltCallback
    stm32l4xx_hal_uart.o(i.UART_DMARxOnlyAbortCallback) refers to stm32l4xx_hal_uart.o(i.HAL_UART_AbortReceiveCpltCallback) for HAL_UART_AbortReceiveCpltCallback
    stm32l4xx_hal_uart.o(i.UART_DMATransmitCplt) refers to stm32l4xx_hal_uart.o(i.HAL_UART_TxCpltCallback) for HAL_UART_TxCpltCallback
    stm32l4xx_hal_uart.o(i.UART_DMATxAbortCallback) refers to stm32l4xx_hal_uart.o(i.HAL_UART_AbortCpltCallback) for HAL_UART_AbortCpltCallback
    stm32l4xx_hal_uart.o(i.UART_DMATxHalfCplt) refers to stm32l4xx_hal_uart.o(i.HAL_UART_TxHalfCpltCallback) for HAL_UART_TxHalfCpltCallback
    stm32l4xx_hal_uart.o(i.UART_DMATxOnlyAbortCallback) refers to stm32l4xx_hal_uart.o(i.HAL_UART_AbortTransmitCpltCallback) for HAL_UART_AbortTransmitCpltCallback
    stm32l4xx_hal_uart.o(i.UART_RxISR_16BIT) refers to stm32l4xx_hal_uart.o(i.HAL_UART_RxCpltCallback) for HAL_UART_RxCpltCallback
    stm32l4xx_hal_uart.o(i.UART_RxISR_8BIT) refers to stm32l4xx_hal_uart.o(i.HAL_UART_RxCpltCallback) for HAL_UART_RxCpltCallback
    stm32l4xx_hal_uart.o(i.UART_SetConfig) refers to stm32l4xx_hal_rcc.o(i.HAL_RCC_GetPCLK1Freq) for HAL_RCC_GetPCLK1Freq
    stm32l4xx_hal_uart.o(i.UART_SetConfig) refers to stm32l4xx_hal_rcc.o(i.HAL_RCC_GetSysClockFreq) for HAL_RCC_GetSysClockFreq
    stm32l4xx_hal_uart.o(i.UART_SetConfig) refers to uldiv.o(.text) for __aeabi_uldivmod
    stm32l4xx_hal_uart.o(i.UART_SetConfig) refers to stm32l4xx_hal_rcc.o(i.HAL_RCC_GetPCLK2Freq) for HAL_RCC_GetPCLK2Freq
    stm32l4xx_hal_uart.o(i.UART_WaitOnFlagUntilTimeout) refers to stm32l4xx_hal.o(i.HAL_GetTick) for HAL_GetTick
    startup_stm32l476xx.o(RESET) refers to startup_stm32l476xx.o(STACK) for __initial_sp
    startup_stm32l476xx.o(RESET) refers to startup_stm32l476xx.o(.text) for Reset_Handler
    startup_stm32l476xx.o(RESET) refers to stm32l4xx_it.o(i.NMI_Handler) for NMI_Handler
    startup_stm32l476xx.o(RESET) refers to stm32l4xx_it.o(i.HardFault_Handler) for HardFault_Handler
    startup_stm32l476xx.o(RESET) refers to stm32l4xx_it.o(i.MemManage_Handler) for MemManage_Handler
    startup_stm32l476xx.o(RESET) refers to stm32l4xx_it.o(i.BusFault_Handler) for BusFault_Handler
    startup_stm32l476xx.o(RESET) refers to stm32l4xx_it.o(i.UsageFault_Handler) for UsageFault_Handler
    startup_stm32l476xx.o(RESET) refers to stm32l4xx_it.o(i.SVC_Handler) for SVC_Handler
    startup_stm32l476xx.o(RESET) refers to stm32l4xx_it.o(i.DebugMon_Handler) for DebugMon_Handler
    startup_stm32l476xx.o(RESET) refers to stm32l4xx_it.o(i.PendSV_Handler) for PendSV_Handler
    startup_stm32l476xx.o(RESET) refers to stm32l4xx_it.o(i.SysTick_Handler) for SysTick_Handler
    startup_stm32l476xx.o(RESET) refers to stm32l4xx_it.o(i.DMA1_Channel1_IRQHandler) for DMA1_Channel1_IRQHandler
    startup_stm32l476xx.o(.text) refers to system_stm32l4xx.o(i.SystemInit) for SystemInit
    startup_stm32l476xx.o(.text) refers to entry.o(.ARM.Collect$$$$00000000) for __main
    system_stm32l4xx.o(i.SystemCoreClockUpdate) refers to system_stm32l4xx.o(.constdata) for .constdata
    system_stm32l4xx.o(i.SystemCoreClockUpdate) refers to system_stm32l4xx.o(.data) for .data
    entry.o(.ARM.Collect$$$$00000000) refers (Special) to entry10a.o(.ARM.Collect$$$$0000000D) for __rt_final_cpp
    entry.o(.ARM.Collect$$$$00000000) refers (Special) to entry11a.o(.ARM.Collect$$$$0000000F) for __rt_final_exit
    entry.o(.ARM.Collect$$$$00000000) refers (Special) to entry7b.o(.ARM.Collect$$$$00000008) for _main_clock
    entry.o(.ARM.Collect$$$$00000000) refers (Special) to entry8b.o(.ARM.Collect$$$$0000000A) for _main_cpp_init
    entry.o(.ARM.Collect$$$$00000000) refers (Special) to entry9a.o(.ARM.Collect$$$$0000000B) for _main_init
    entry.o(.ARM.Collect$$$$00000000) refers (Special) to entry5.o(.ARM.Collect$$$$00000004) for _main_scatterload
    entry.o(.ARM.Collect$$$$00000000) refers (Special) to entry2.o(.ARM.Collect$$$$00000001) for _main_stk
    uldiv.o(.text) refers to llushr.o(.text) for __aeabi_llsr
    uldiv.o(.text) refers to llshl.o(.text) for __aeabi_llsl
    entry2.o(.ARM.Collect$$$$00000001) refers to entry2.o(.ARM.Collect$$$$00002712) for __lit__00000000
    entry2.o(.ARM.Collect$$$$00002712) refers to startup_stm32l476xx.o(STACK) for __initial_sp
    entry2.o(__vectab_stack_and_reset_area) refers to startup_stm32l476xx.o(STACK) for __initial_sp
    entry2.o(__vectab_stack_and_reset_area) refers to entry.o(.ARM.Collect$$$$00000000) for __main
    entry5.o(.ARM.Collect$$$$00000004) refers to init.o(.text) for __scatterload
    entry9a.o(.ARM.Collect$$$$0000000B) refers to main.o(i.main) for main
    entry9b.o(.ARM.Collect$$$$0000000C) refers to main.o(i.main) for main
    init.o(.text) refers to entry5.o(.ARM.Collect$$$$00000004) for __main_after_scatterload


==============================================================================

Removing Unused input sections from the image.

    Removing main.o(.rev16_text), (4 bytes).
    Removing main.o(.revsh_text), (4 bytes).
    Removing main.o(.rrx_text), (6 bytes).
    Removing main.o(.data), (4 bytes).
    Removing stm32l4xx_it.o(.rev16_text), (4 bytes).
    Removing stm32l4xx_it.o(.revsh_text), (4 bytes).
    Removing stm32l4xx_it.o(.rrx_text), (6 bytes).
    Removing stm32l4xx_hal_msp.o(.rev16_text), (4 bytes).
    Removing stm32l4xx_hal_msp.o(.revsh_text), (4 bytes).
    Removing stm32l4xx_hal_msp.o(.rrx_text), (6 bytes).
    Removing stm32l4xx_hal_msp.o(i.HAL_MspDeInit), (2 bytes).
    Removing stm32l476g_eval.o(.rev16_text), (4 bytes).
    Removing stm32l476g_eval.o(.revsh_text), (4 bytes).
    Removing stm32l476g_eval.o(.rrx_text), (6 bytes).
    Removing stm32l476g_eval.o(i.BSP_COM_Init), (176 bytes).
    Removing stm32l476g_eval.o(i.BSP_GetVersion), (8 bytes).
    Removing stm32l476g_eval.o(i.BSP_LED_Off), (36 bytes).
    Removing stm32l476g_eval.o(i.BSP_LED_Toggle), (32 bytes).
    Removing stm32l476g_eval.o(i.BSP_PB_GetState), (24 bytes).
    Removing stm32l476g_eval.o(i.BSP_PB_Init), (128 bytes).
    Removing stm32l4xx_hal_dma.o(.rev16_text), (4 bytes).
    Removing stm32l4xx_hal_dma.o(.revsh_text), (4 bytes).
    Removing stm32l4xx_hal_dma.o(.rrx_text), (6 bytes).
    Removing stm32l4xx_hal_dma.o(i.HAL_DMA_Abort), (54 bytes).
    Removing stm32l4xx_hal_dma.o(i.HAL_DMA_Abort_IT), (74 bytes).
    Removing stm32l4xx_hal_dma.o(i.HAL_DMA_GetError), (4 bytes).
    Removing stm32l4xx_hal_dma.o(i.HAL_DMA_GetState), (6 bytes).
    Removing stm32l4xx_hal_dma.o(i.HAL_DMA_PollForTransfer), (212 bytes).
    Removing stm32l4xx_hal_dma.o(i.HAL_DMA_RegisterCallback), (74 bytes).
    Removing stm32l4xx_hal_dma.o(i.HAL_DMA_Start), (80 bytes).
    Removing stm32l4xx_hal_dma.o(i.HAL_DMA_UnRegisterCallback), (82 bytes).
    Removing stm32l4xx_hal_pwr.o(.rev16_text), (4 bytes).
    Removing stm32l4xx_hal_pwr.o(.revsh_text), (4 bytes).
    Removing stm32l4xx_hal_pwr.o(.rrx_text), (6 bytes).
    Removing stm32l4xx_hal_pwr.o(i.HAL_PWR_ConfigPVD), (128 bytes).
    Removing stm32l4xx_hal_pwr.o(i.HAL_PWR_DeInit), (24 bytes).
    Removing stm32l4xx_hal_pwr.o(i.HAL_PWR_DisableBkUpAccess), (16 bytes).
    Removing stm32l4xx_hal_pwr.o(i.HAL_PWR_DisablePVD), (16 bytes).
    Removing stm32l4xx_hal_pwr.o(i.HAL_PWR_DisableSEVOnPend), (16 bytes).
    Removing stm32l4xx_hal_pwr.o(i.HAL_PWR_DisableSleepOnExit), (16 bytes).
    Removing stm32l4xx_hal_pwr.o(i.HAL_PWR_DisableWakeUpPin), (20 bytes).
    Removing stm32l4xx_hal_pwr.o(i.HAL_PWR_EnableBkUpAccess), (16 bytes).
    Removing stm32l4xx_hal_pwr.o(i.HAL_PWR_EnablePVD), (16 bytes).
    Removing stm32l4xx_hal_pwr.o(i.HAL_PWR_EnableSEVOnPend), (16 bytes).
    Removing stm32l4xx_hal_pwr.o(i.HAL_PWR_EnableSleepOnExit), (16 bytes).
    Removing stm32l4xx_hal_pwr.o(i.HAL_PWR_EnableWakeUpPin), (28 bytes).
    Removing stm32l4xx_hal_pwr.o(i.HAL_PWR_EnterSLEEPMode), (68 bytes).
    Removing stm32l4xx_hal_pwr.o(i.HAL_PWR_EnterSTANDBYMode), (36 bytes).
    Removing stm32l4xx_hal_pwr.o(i.HAL_PWR_EnterSTOPMode), (16 bytes).
    Removing stm32l4xx_hal_pwr.o(i.HAL_PWR_PVDCallback), (2 bytes).
    Removing stm32l4xx_hal_pwr_ex.o(.rev16_text), (4 bytes).
    Removing stm32l4xx_hal_pwr_ex.o(.revsh_text), (4 bytes).
    Removing stm32l4xx_hal_pwr_ex.o(.rrx_text), (6 bytes).
    Removing stm32l4xx_hal_pwr_ex.o(i.HAL_PWREx_ConfigPVM), (404 bytes).
    Removing stm32l4xx_hal_pwr_ex.o(i.HAL_PWREx_ControlVoltageScaling), (100 bytes).
    Removing stm32l4xx_hal_pwr_ex.o(i.HAL_PWREx_DisableBatteryCharging), (16 bytes).
    Removing stm32l4xx_hal_pwr_ex.o(i.HAL_PWREx_DisableGPIOPullDown), (104 bytes).
    Removing stm32l4xx_hal_pwr_ex.o(i.HAL_PWREx_DisableGPIOPullUp), (100 bytes).
    Removing stm32l4xx_hal_pwr_ex.o(i.HAL_PWREx_DisableInternalWakeUpLine), (16 bytes).
    Removing stm32l4xx_hal_pwr_ex.o(i.HAL_PWREx_DisableLowPowerRunMode), (64 bytes).
    Removing stm32l4xx_hal_pwr_ex.o(i.HAL_PWREx_DisablePVM1), (16 bytes).
    Removing stm32l4xx_hal_pwr_ex.o(i.HAL_PWREx_DisablePVM2), (16 bytes).
    Removing stm32l4xx_hal_pwr_ex.o(i.HAL_PWREx_DisablePVM3), (16 bytes).
    Removing stm32l4xx_hal_pwr_ex.o(i.HAL_PWREx_DisablePVM4), (16 bytes).
    Removing stm32l4xx_hal_pwr_ex.o(i.HAL_PWREx_DisablePullUpPullDownConfig), (16 bytes).
    Removing stm32l4xx_hal_pwr_ex.o(i.HAL_PWREx_DisableSRAM2ContentRetention), (16 bytes).
    Removing stm32l4xx_hal_pwr_ex.o(i.HAL_PWREx_DisableVddIO2), (16 bytes).
    Removing stm32l4xx_hal_pwr_ex.o(i.HAL_PWREx_DisableVddUSB), (16 bytes).
    Removing stm32l4xx_hal_pwr_ex.o(i.HAL_PWREx_EnableBatteryCharging), (28 bytes).
    Removing stm32l4xx_hal_pwr_ex.o(i.HAL_PWREx_EnableGPIOPullDown), (156 bytes).
    Removing stm32l4xx_hal_pwr_ex.o(i.HAL_PWREx_EnableGPIOPullUp), (156 bytes).
    Removing stm32l4xx_hal_pwr_ex.o(i.HAL_PWREx_EnableInternalWakeUpLine), (16 bytes).
    Removing stm32l4xx_hal_pwr_ex.o(i.HAL_PWREx_EnableLowPowerRunMode), (16 bytes).
    Removing stm32l4xx_hal_pwr_ex.o(i.HAL_PWREx_EnablePVM1), (16 bytes).
    Removing stm32l4xx_hal_pwr_ex.o(i.HAL_PWREx_EnablePVM2), (16 bytes).
    Removing stm32l4xx_hal_pwr_ex.o(i.HAL_PWREx_EnablePVM3), (16 bytes).
    Removing stm32l4xx_hal_pwr_ex.o(i.HAL_PWREx_EnablePVM4), (16 bytes).
    Removing stm32l4xx_hal_pwr_ex.o(i.HAL_PWREx_EnablePullUpPullDownConfig), (16 bytes).
    Removing stm32l4xx_hal_pwr_ex.o(i.HAL_PWREx_EnableSRAM2ContentRetention), (16 bytes).
    Removing stm32l4xx_hal_pwr_ex.o(i.HAL_PWREx_EnableVddIO2), (16 bytes).
    Removing stm32l4xx_hal_pwr_ex.o(i.HAL_PWREx_EnableVddUSB), (16 bytes).
    Removing stm32l4xx_hal_pwr_ex.o(i.HAL_PWREx_EnterSHUTDOWNMode), (36 bytes).
    Removing stm32l4xx_hal_pwr_ex.o(i.HAL_PWREx_EnterSTOP0Mode), (52 bytes).
    Removing stm32l4xx_hal_pwr_ex.o(i.HAL_PWREx_EnterSTOP1Mode), (56 bytes).
    Removing stm32l4xx_hal_pwr_ex.o(i.HAL_PWREx_EnterSTOP2Mode), (56 bytes).
    Removing stm32l4xx_hal_pwr_ex.o(i.HAL_PWREx_PVD_PVM_IRQHandler), (88 bytes).
    Removing stm32l4xx_hal_pwr_ex.o(i.HAL_PWREx_PVM1Callback), (2 bytes).
    Removing stm32l4xx_hal_pwr_ex.o(i.HAL_PWREx_PVM2Callback), (2 bytes).
    Removing stm32l4xx_hal_pwr_ex.o(i.HAL_PWREx_PVM3Callback), (2 bytes).
    Removing stm32l4xx_hal_pwr_ex.o(i.HAL_PWREx_PVM4Callback), (2 bytes).
    Removing stm32l4xx_hal_adc_ex.o(.rev16_text), (4 bytes).
    Removing stm32l4xx_hal_adc_ex.o(.revsh_text), (4 bytes).
    Removing stm32l4xx_hal_adc_ex.o(.rrx_text), (6 bytes).
    Removing stm32l4xx_hal_adc_ex.o(i.HAL_ADCEx_Calibration_GetValue), (28 bytes).
    Removing stm32l4xx_hal_adc_ex.o(i.HAL_ADCEx_Calibration_SetValue), (108 bytes).
    Removing stm32l4xx_hal_adc_ex.o(i.HAL_ADCEx_DisableInjectedQueue), (26 bytes).
    Removing stm32l4xx_hal_adc_ex.o(i.HAL_ADCEx_DisableVoltageRegulator), (34 bytes).
    Removing stm32l4xx_hal_adc_ex.o(i.HAL_ADCEx_EnableInjectedQueue), (34 bytes).
    Removing stm32l4xx_hal_adc_ex.o(i.HAL_ADCEx_EndOfSamplingCallback), (2 bytes).
    Removing stm32l4xx_hal_adc_ex.o(i.HAL_ADCEx_EnterADCDeepPowerDownMode), (34 bytes).
    Removing stm32l4xx_hal_adc_ex.o(i.HAL_ADCEx_InjectedConfigChannel), (1376 bytes).
    Removing stm32l4xx_hal_adc_ex.o(i.HAL_ADCEx_InjectedConvCpltCallback), (2 bytes).
    Removing stm32l4xx_hal_adc_ex.o(i.HAL_ADCEx_InjectedGetValue), (46 bytes).
    Removing stm32l4xx_hal_adc_ex.o(i.HAL_ADCEx_InjectedPollForConversion), (220 bytes).
    Removing stm32l4xx_hal_adc_ex.o(i.HAL_ADCEx_InjectedQueueOverflowCallback), (2 bytes).
    Removing stm32l4xx_hal_adc_ex.o(i.HAL_ADCEx_InjectedStart), (228 bytes).
    Removing stm32l4xx_hal_adc_ex.o(i.HAL_ADCEx_InjectedStart_IT), (284 bytes).
    Removing stm32l4xx_hal_adc_ex.o(i.HAL_ADCEx_InjectedStop), (84 bytes).
    Removing stm32l4xx_hal_adc_ex.o(i.HAL_ADCEx_InjectedStop_IT), (94 bytes).
    Removing stm32l4xx_hal_adc_ex.o(i.HAL_ADCEx_LevelOutOfWindow2Callback), (2 bytes).
    Removing stm32l4xx_hal_adc_ex.o(i.HAL_ADCEx_LevelOutOfWindow3Callback), (2 bytes).
    Removing stm32l4xx_hal_adc_ex.o(i.HAL_ADCEx_MultiModeConfigChannel), (240 bytes).
    Removing stm32l4xx_hal_adc_ex.o(i.HAL_ADCEx_MultiModeGetValue), (12 bytes).
    Removing stm32l4xx_hal_adc_ex.o(i.HAL_ADCEx_MultiModeStart_DMA), (212 bytes).
    Removing stm32l4xx_hal_adc_ex.o(i.HAL_ADCEx_MultiModeStop_DMA), (204 bytes).
    Removing stm32l4xx_hal_adc_ex.o(i.HAL_ADCEx_RegularMultiModeStop_DMA), (224 bytes).
    Removing stm32l4xx_hal_adc_ex.o(i.HAL_ADCEx_RegularStop), (92 bytes).
    Removing stm32l4xx_hal_adc_ex.o(i.HAL_ADCEx_RegularStop_DMA), (138 bytes).
    Removing stm32l4xx_hal_adc_ex.o(i.HAL_ADCEx_RegularStop_IT), (102 bytes).
    Removing stm32l4xx_hal_adc_ex.o(i.LL_ADC_GetOffsetChannel), (12 bytes).
    Removing stm32l4xx_hal_adc_ex.o(i.LL_ADC_INJ_IsConversionOngoing), (8 bytes).
    Removing stm32l4xx_hal_adc_ex.o(i.LL_ADC_REG_IsConversionOngoing), (8 bytes).
    Removing stm32l4xx_hal_adc_ex.o(i.LL_ADC_SetChannelSamplingTime), (70 bytes).
    Removing stm32l4xx_hal_adc_ex.o(i.LL_ADC_SetOffsetState), (16 bytes).
    Removing stm32l4xx_hal_adc.o(.rev16_text), (4 bytes).
    Removing stm32l4xx_hal_adc.o(.revsh_text), (4 bytes).
    Removing stm32l4xx_hal_adc.o(.rrx_text), (6 bytes).
    Removing stm32l4xx_hal_adc.o(i.HAL_ADC_AnalogWDGConfig), (546 bytes).
    Removing stm32l4xx_hal_adc.o(i.HAL_ADC_GetError), (4 bytes).
    Removing stm32l4xx_hal_adc.o(i.HAL_ADC_GetState), (4 bytes).
    Removing stm32l4xx_hal_adc.o(i.HAL_ADC_GetValue), (6 bytes).
    Removing stm32l4xx_hal_adc.o(i.HAL_ADC_IRQHandler), (648 bytes).
    Removing stm32l4xx_hal_adc.o(i.HAL_ADC_LevelOutOfWindowCallback), (2 bytes).
    Removing stm32l4xx_hal_adc.o(i.HAL_ADC_MspDeInit), (2 bytes).
    Removing stm32l4xx_hal_adc.o(i.HAL_ADC_MspInit), (2 bytes).
    Removing stm32l4xx_hal_adc.o(i.HAL_ADC_PollForConversion), (296 bytes).
    Removing stm32l4xx_hal_adc.o(i.HAL_ADC_PollForEvent), (190 bytes).
    Removing stm32l4xx_hal_adc.o(i.HAL_ADC_Start), (240 bytes).
    Removing stm32l4xx_hal_adc.o(i.HAL_ADC_Start_IT), (368 bytes).
    Removing stm32l4xx_hal_adc.o(i.HAL_ADC_Stop), (62 bytes).
    Removing stm32l4xx_hal_adc.o(i.HAL_ADC_Stop_DMA), (116 bytes).
    Removing stm32l4xx_hal_adc.o(i.HAL_ADC_Stop_IT), (72 bytes).
    Removing stm32l4xx_hal_adc.o(i.LL_ADC_ConfigAnalogWDThresholds), (40 bytes).
    Removing stm32l4xx_hal_adc.o(i.LL_ADC_SetAnalogWDMonitChannels), (56 bytes).
    Removing stm32l4xx_hal_cortex.o(.rev16_text), (4 bytes).
    Removing stm32l4xx_hal_cortex.o(.revsh_text), (4 bytes).
    Removing stm32l4xx_hal_cortex.o(.rrx_text), (6 bytes).
    Removing stm32l4xx_hal_cortex.o(i.HAL_MPU_ConfigRegion), (84 bytes).
    Removing stm32l4xx_hal_cortex.o(i.HAL_NVIC_ClearPendingIRQ), (22 bytes).
    Removing stm32l4xx_hal_cortex.o(i.HAL_NVIC_DisableIRQ), (22 bytes).
    Removing stm32l4xx_hal_cortex.o(i.HAL_NVIC_GetActive), (32 bytes).
    Removing stm32l4xx_hal_cortex.o(i.HAL_NVIC_GetPendingIRQ), (32 bytes).
    Removing stm32l4xx_hal_cortex.o(i.HAL_NVIC_GetPriority), (82 bytes).
    Removing stm32l4xx_hal_cortex.o(i.HAL_NVIC_GetPriorityGrouping), (16 bytes).
    Removing stm32l4xx_hal_cortex.o(i.HAL_NVIC_SetPendingIRQ), (22 bytes).
    Removing stm32l4xx_hal_cortex.o(i.HAL_NVIC_SystemReset), (36 bytes).
    Removing stm32l4xx_hal_cortex.o(i.HAL_SYSTICK_CLKSourceConfig), (24 bytes).
    Removing stm32l4xx_hal_cortex.o(i.HAL_SYSTICK_Callback), (2 bytes).
    Removing stm32l4xx_hal_cortex.o(i.HAL_SYSTICK_IRQHandler), (8 bytes).
    Removing stm32l4xx_hal_rcc_ex.o(.rev16_text), (4 bytes).
    Removing stm32l4xx_hal_rcc_ex.o(.revsh_text), (4 bytes).
    Removing stm32l4xx_hal_rcc_ex.o(.rrx_text), (6 bytes).
    Removing stm32l4xx_hal_rcc_ex.o(i.HAL_RCCEx_DisableLSCO), (88 bytes).
    Removing stm32l4xx_hal_rcc_ex.o(i.HAL_RCCEx_DisableLSECSS), (28 bytes).
    Removing stm32l4xx_hal_rcc_ex.o(i.HAL_RCCEx_DisableMSIPLLMode), (16 bytes).
    Removing stm32l4xx_hal_rcc_ex.o(i.HAL_RCCEx_DisablePLLSAI1), (84 bytes).
    Removing stm32l4xx_hal_rcc_ex.o(i.HAL_RCCEx_DisablePLLSAI2), (84 bytes).
    Removing stm32l4xx_hal_rcc_ex.o(i.HAL_RCCEx_EnableLSCO), (140 bytes).
    Removing stm32l4xx_hal_rcc_ex.o(i.HAL_RCCEx_EnableLSECSS), (20 bytes).
    Removing stm32l4xx_hal_rcc_ex.o(i.HAL_RCCEx_EnableLSECSS_IT), (56 bytes).
    Removing stm32l4xx_hal_rcc_ex.o(i.HAL_RCCEx_EnableMSIPLLMode), (16 bytes).
    Removing stm32l4xx_hal_rcc_ex.o(i.HAL_RCCEx_EnablePLLSAI1), (144 bytes).
    Removing stm32l4xx_hal_rcc_ex.o(i.HAL_RCCEx_EnablePLLSAI2), (128 bytes).
    Removing stm32l4xx_hal_rcc_ex.o(i.HAL_RCCEx_GetPeriphCLKConfig), (288 bytes).
    Removing stm32l4xx_hal_rcc_ex.o(i.HAL_RCCEx_GetPeriphCLKFreq), (1084 bytes).
    Removing stm32l4xx_hal_rcc_ex.o(i.HAL_RCCEx_LSECSS_Callback), (2 bytes).
    Removing stm32l4xx_hal_rcc_ex.o(i.HAL_RCCEx_LSECSS_IRQHandler), (24 bytes).
    Removing stm32l4xx_hal_rcc_ex.o(i.HAL_RCCEx_PeriphCLKConfig), (942 bytes).
    Removing stm32l4xx_hal_rcc_ex.o(i.HAL_RCCEx_StandbyMSIRangeConfig), (24 bytes).
    Removing stm32l4xx_hal_rcc_ex.o(i.HAL_RCCEx_WakeUpStopCLKConfig), (20 bytes).
    Removing stm32l4xx_hal_rcc_ex.o(i.RCCEx_PLLSAI1_Config), (300 bytes).
    Removing stm32l4xx_hal_rcc_ex.o(i.RCCEx_PLLSAI2_Config), (264 bytes).
    Removing stm32l4xx_hal_uart_ex.o(.rev16_text), (4 bytes).
    Removing stm32l4xx_hal_uart_ex.o(.revsh_text), (4 bytes).
    Removing stm32l4xx_hal_uart_ex.o(.rrx_text), (6 bytes).
    Removing stm32l4xx_hal_uart_ex.o(i.HAL_MultiProcessorEx_AddressLength_Set), (48 bytes).
    Removing stm32l4xx_hal_uart_ex.o(i.HAL_RS485Ex_Init), (140 bytes).
    Removing stm32l4xx_hal_uart_ex.o(i.HAL_UARTEx_DisableStopMode), (46 bytes).
    Removing stm32l4xx_hal_uart_ex.o(i.HAL_UARTEx_EnableStopMode), (46 bytes).
    Removing stm32l4xx_hal_uart_ex.o(i.HAL_UARTEx_StopModeWakeUpSourceConfig), (138 bytes).
    Removing stm32l4xx_hal_uart_ex.o(i.HAL_UARTEx_WakeupCallback), (2 bytes).
    Removing stm32l4xx_hal_gpio.o(.rev16_text), (4 bytes).
    Removing stm32l4xx_hal_gpio.o(.revsh_text), (4 bytes).
    Removing stm32l4xx_hal_gpio.o(.rrx_text), (6 bytes).
    Removing stm32l4xx_hal_gpio.o(i.HAL_GPIO_EXTI_Callback), (2 bytes).
    Removing stm32l4xx_hal_gpio.o(i.HAL_GPIO_EXTI_IRQHandler), (24 bytes).
    Removing stm32l4xx_hal_gpio.o(i.HAL_GPIO_LockPin), (34 bytes).
    Removing stm32l4xx_hal_gpio.o(i.HAL_GPIO_ReadPin), (10 bytes).
    Removing stm32l4xx_hal_gpio.o(i.HAL_GPIO_TogglePin), (8 bytes).
    Removing stm32l4xx_hal_rcc.o(.rev16_text), (4 bytes).
    Removing stm32l4xx_hal_rcc.o(.revsh_text), (4 bytes).
    Removing stm32l4xx_hal_rcc.o(.rrx_text), (6 bytes).
    Removing stm32l4xx_hal_rcc.o(i.HAL_RCC_CSSCallback), (2 bytes).
    Removing stm32l4xx_hal_rcc.o(i.HAL_RCC_DeInit), (108 bytes).
    Removing stm32l4xx_hal_rcc.o(i.HAL_RCC_EnableCSS), (16 bytes).
    Removing stm32l4xx_hal_rcc.o(i.HAL_RCC_GetClockConfig), (64 bytes).
    Removing stm32l4xx_hal_rcc.o(i.HAL_RCC_GetHCLKFreq), (12 bytes).
    Removing stm32l4xx_hal_rcc.o(i.HAL_RCC_GetOscConfig), (224 bytes).
    Removing stm32l4xx_hal_rcc.o(i.HAL_RCC_GetPCLK1Freq), (32 bytes).
    Removing stm32l4xx_hal_rcc.o(i.HAL_RCC_GetPCLK2Freq), (32 bytes).
    Removing stm32l4xx_hal_rcc.o(i.HAL_RCC_MCOConfig), (72 bytes).
    Removing stm32l4xx_hal_rcc.o(i.HAL_RCC_NMI_IRQHandler), (24 bytes).
    Removing stm32l4xx_hal.o(.rev16_text), (4 bytes).
    Removing stm32l4xx_hal.o(.revsh_text), (4 bytes).
    Removing stm32l4xx_hal.o(.rrx_text), (6 bytes).
    Removing stm32l4xx_hal.o(i.HAL_DBGMCU_DisableDBGSleepMode), (16 bytes).
    Removing stm32l4xx_hal.o(i.HAL_DBGMCU_DisableDBGStandbyMode), (16 bytes).
    Removing stm32l4xx_hal.o(i.HAL_DBGMCU_DisableDBGStopMode), (16 bytes).
    Removing stm32l4xx_hal.o(i.HAL_DBGMCU_EnableDBGSleepMode), (16 bytes).
    Removing stm32l4xx_hal.o(i.HAL_DBGMCU_EnableDBGStandbyMode), (16 bytes).
    Removing stm32l4xx_hal.o(i.HAL_DBGMCU_EnableDBGStopMode), (16 bytes).
    Removing stm32l4xx_hal.o(i.HAL_DeInit), (44 bytes).
    Removing stm32l4xx_hal.o(i.HAL_Delay), (28 bytes).
    Removing stm32l4xx_hal.o(i.HAL_GetDEVID), (16 bytes).
    Removing stm32l4xx_hal.o(i.HAL_GetHalVersion), (8 bytes).
    Removing stm32l4xx_hal.o(i.HAL_GetREVID), (12 bytes).
    Removing stm32l4xx_hal.o(i.HAL_GetUIDw0), (12 bytes).
    Removing stm32l4xx_hal.o(i.HAL_GetUIDw1), (12 bytes).
    Removing stm32l4xx_hal.o(i.HAL_GetUIDw2), (12 bytes).
    Removing stm32l4xx_hal.o(i.HAL_MspDeInit), (2 bytes).
    Removing stm32l4xx_hal.o(i.HAL_MspInit), (2 bytes).
    Removing stm32l4xx_hal.o(i.HAL_ResumeTick), (14 bytes).
    Removing stm32l4xx_hal.o(i.HAL_SYSCFG_DisableIOAnalogSwitchBooster), (16 bytes).
    Removing stm32l4xx_hal.o(i.HAL_SYSCFG_DisableMemorySwappingBank), (12 bytes).
    Removing stm32l4xx_hal.o(i.HAL_SYSCFG_DisableVREFBUF), (16 bytes).
    Removing stm32l4xx_hal.o(i.HAL_SYSCFG_EnableIOAnalogSwitchBooster), (16 bytes).
    Removing stm32l4xx_hal.o(i.HAL_SYSCFG_EnableMemorySwappingBank), (12 bytes).
    Removing stm32l4xx_hal.o(i.HAL_SYSCFG_EnableVREFBUF), (48 bytes).
    Removing stm32l4xx_hal.o(i.HAL_SYSCFG_SRAM2Erase), (28 bytes).
    Removing stm32l4xx_hal.o(i.HAL_SYSCFG_VREFBUF_HighImpedanceConfig), (20 bytes).
    Removing stm32l4xx_hal.o(i.HAL_SYSCFG_VREFBUF_TrimmingConfig), (20 bytes).
    Removing stm32l4xx_hal.o(i.HAL_SYSCFG_VREFBUF_VoltageScalingConfig), (20 bytes).
    Removing stm32l4xx_hal.o(i.HAL_SuspendTick), (14 bytes).
    Removing stm32l4xx_hal_uart.o(.rev16_text), (4 bytes).
    Removing stm32l4xx_hal_uart.o(.revsh_text), (4 bytes).
    Removing stm32l4xx_hal_uart.o(.rrx_text), (6 bytes).
    Removing stm32l4xx_hal_uart.o(i.HAL_HalfDuplex_EnableReceiver), (58 bytes).
    Removing stm32l4xx_hal_uart.o(i.HAL_HalfDuplex_EnableTransmitter), (58 bytes).
    Removing stm32l4xx_hal_uart.o(i.HAL_HalfDuplex_Init), (116 bytes).
    Removing stm32l4xx_hal_uart.o(i.HAL_LIN_Init), (140 bytes).
    Removing stm32l4xx_hal_uart.o(i.HAL_LIN_SendBreak), (46 bytes).
    Removing stm32l4xx_hal_uart.o(i.HAL_MultiProcessor_DisableMuteMode), (44 bytes).
    Removing stm32l4xx_hal_uart.o(i.HAL_MultiProcessor_EnableMuteMode), (44 bytes).
    Removing stm32l4xx_hal_uart.o(i.HAL_MultiProcessor_EnterMuteMode), (12 bytes).
    Removing stm32l4xx_hal_uart.o(i.HAL_MultiProcessor_Init), (138 bytes).
    Removing stm32l4xx_hal_uart.o(i.HAL_UART_Abort), (124 bytes).
    Removing stm32l4xx_hal_uart.o(i.HAL_UART_AbortCpltCallback), (2 bytes).
    Removing stm32l4xx_hal_uart.o(i.HAL_UART_AbortReceive), (86 bytes).
    Removing stm32l4xx_hal_uart.o(i.HAL_UART_AbortReceiveCpltCallback), (2 bytes).
    Removing stm32l4xx_hal_uart.o(i.HAL_UART_AbortReceive_IT), (124 bytes).
    Removing stm32l4xx_hal_uart.o(i.HAL_UART_AbortTransmit), (58 bytes).
    Removing stm32l4xx_hal_uart.o(i.HAL_UART_AbortTransmitCpltCallback), (2 bytes).
    Removing stm32l4xx_hal_uart.o(i.HAL_UART_AbortTransmit_IT), (88 bytes).
    Removing stm32l4xx_hal_uart.o(i.HAL_UART_Abort_IT), (196 bytes).
    Removing stm32l4xx_hal_uart.o(i.HAL_UART_DMAPause), (98 bytes).
    Removing stm32l4xx_hal_uart.o(i.HAL_UART_DMAResume), (92 bytes).
    Removing stm32l4xx_hal_uart.o(i.HAL_UART_DMAStop), (84 bytes).
    Removing stm32l4xx_hal_uart.o(i.HAL_UART_DeInit), (64 bytes).
    Removing stm32l4xx_hal_uart.o(i.HAL_UART_ErrorCallback), (2 bytes).
    Removing stm32l4xx_hal_uart.o(i.HAL_UART_GetError), (4 bytes).
    Removing stm32l4xx_hal_uart.o(i.HAL_UART_GetState), (10 bytes).
    Removing stm32l4xx_hal_uart.o(i.HAL_UART_IRQHandler), (332 bytes).
    Removing stm32l4xx_hal_uart.o(i.HAL_UART_Init), (106 bytes).
    Removing stm32l4xx_hal_uart.o(i.HAL_UART_MspDeInit), (2 bytes).
    Removing stm32l4xx_hal_uart.o(i.HAL_UART_MspInit), (2 bytes).
    Removing stm32l4xx_hal_uart.o(i.HAL_UART_Receive), (234 bytes).
    Removing stm32l4xx_hal_uart.o(i.HAL_UART_Receive_DMA), (144 bytes).
    Removing stm32l4xx_hal_uart.o(i.HAL_UART_Receive_IT), (172 bytes).
    Removing stm32l4xx_hal_uart.o(i.HAL_UART_RxCpltCallback), (2 bytes).
    Removing stm32l4xx_hal_uart.o(i.HAL_UART_RxHalfCpltCallback), (2 bytes).
    Removing stm32l4xx_hal_uart.o(i.HAL_UART_Transmit), (176 bytes).
    Removing stm32l4xx_hal_uart.o(i.HAL_UART_Transmit_DMA), (136 bytes).
    Removing stm32l4xx_hal_uart.o(i.HAL_UART_Transmit_IT), (104 bytes).
    Removing stm32l4xx_hal_uart.o(i.HAL_UART_TxCpltCallback), (2 bytes).
    Removing stm32l4xx_hal_uart.o(i.HAL_UART_TxHalfCpltCallback), (2 bytes).
    Removing stm32l4xx_hal_uart.o(i.UART_AdvFeatureConfig), (200 bytes).
    Removing stm32l4xx_hal_uart.o(i.UART_CheckIdleState), (92 bytes).
    Removing stm32l4xx_hal_uart.o(i.UART_DMAAbortOnError), (20 bytes).
    Removing stm32l4xx_hal_uart.o(i.UART_DMAError), (74 bytes).
    Removing stm32l4xx_hal_uart.o(i.UART_DMAReceiveCplt), (62 bytes).
    Removing stm32l4xx_hal_uart.o(i.UART_DMARxAbortCallback), (62 bytes).
    Removing stm32l4xx_hal_uart.o(i.UART_DMARxHalfCplt), (10 bytes).
    Removing stm32l4xx_hal_uart.o(i.UART_DMARxOnlyAbortCallback), (38 bytes).
    Removing stm32l4xx_hal_uart.o(i.UART_DMATransmitCplt), (48 bytes).
    Removing stm32l4xx_hal_uart.o(i.UART_DMATxAbortCallback), (52 bytes).
    Removing stm32l4xx_hal_uart.o(i.UART_DMATxHalfCplt), (10 bytes).
    Removing stm32l4xx_hal_uart.o(i.UART_DMATxOnlyAbortCallback), (22 bytes).
    Removing stm32l4xx_hal_uart.o(i.UART_EndRxTransfer), (32 bytes).
    Removing stm32l4xx_hal_uart.o(i.UART_EndTxTransfer), (18 bytes).
    Removing stm32l4xx_hal_uart.o(i.UART_RxISR_16BIT), (92 bytes).
    Removing stm32l4xx_hal_uart.o(i.UART_RxISR_8BIT), (90 bytes).
    Removing stm32l4xx_hal_uart.o(i.UART_SetConfig), (672 bytes).
    Removing stm32l4xx_hal_uart.o(i.UART_TxISR_16BIT), (66 bytes).
    Removing stm32l4xx_hal_uart.o(i.UART_TxISR_8BIT), (60 bytes).
    Removing stm32l4xx_hal_uart.o(i.UART_WaitOnFlagUntilTimeout), (100 bytes).
    Removing startup_stm32l476xx.o(HEAP), (512 bytes).
    Removing system_stm32l4xx.o(.rev16_text), (4 bytes).
    Removing system_stm32l4xx.o(.revsh_text), (4 bytes).
    Removing system_stm32l4xx.o(.rrx_text), (6 bytes).
    Removing system_stm32l4xx.o(i.SystemCoreClockUpdate), (168 bytes).
    Removing system_stm32l4xx.o(.constdata), (8 bytes).

311 unused section(s) (total 21324 bytes) removed from the image.

==============================================================================

Image Symbol Table

    Local Symbols

    Symbol Name                              Value     Ov Type        Size  Object(Section)

    ../clib/microlib/division.c              0x00000000   Number         0  uldiv.o ABSOLUTE
    ../clib/microlib/init/entry.s            0x00000000   Number         0  entry11b.o ABSOLUTE
    ../clib/microlib/init/entry.s            0x00000000   Number         0  entry7b.o ABSOLUTE
    ../clib/microlib/init/entry.s            0x00000000   Number         0  entry7a.o ABSOLUTE
    ../clib/microlib/init/entry.s            0x00000000   Number         0  entry5.o ABSOLUTE
    ../clib/microlib/init/entry.s            0x00000000   Number         0  entry2.o ABSOLUTE
    ../clib/microlib/init/entry.s            0x00000000   Number         0  entry9a.o ABSOLUTE
    ../clib/microlib/init/entry.s            0x00000000   Number         0  entry.o ABSOLUTE
    ../clib/microlib/init/entry.s            0x00000000   Number         0  entry8b.o ABSOLUTE
    ../clib/microlib/init/entry.s            0x00000000   Number         0  entry11a.o ABSOLUTE
    ../clib/microlib/init/entry.s            0x00000000   Number         0  entry10b.o ABSOLUTE
    ../clib/microlib/init/entry.s            0x00000000   Number         0  entry10a.o ABSOLUTE
    ../clib/microlib/init/entry.s            0x00000000   Number         0  entry9b.o ABSOLUTE
    ../clib/microlib/init/entry.s            0x00000000   Number         0  entry8a.o ABSOLUTE
    ../clib/microlib/longlong.c              0x00000000   Number         0  llushr.o ABSOLUTE
    ../clib/microlib/longlong.c              0x00000000   Number         0  llshl.o ABSOLUTE
    ../clib/microlib/string/memset.c         0x00000000   Number         0  memseta.o ABSOLUTE
    ..\..\..\..\..\..\Drivers\BSP\STM32L476G_EVAL\stm32l476g_eval.c 0x00000000   Number         0  stm32l476g_eval.o ABSOLUTE
    ..\..\..\..\..\..\Drivers\STM32L4xx_HAL_Driver\Src\stm32l4xx_hal.c 0x00000000   Number         0  stm32l4xx_hal.o ABSOLUTE
    ..\..\..\..\..\..\Drivers\STM32L4xx_HAL_Driver\Src\stm32l4xx_hal_adc.c 0x00000000   Number         0  stm32l4xx_hal_adc.o ABSOLUTE
    ..\..\..\..\..\..\Drivers\STM32L4xx_HAL_Driver\Src\stm32l4xx_hal_adc_ex.c 0x00000000   Number         0  stm32l4xx_hal_adc_ex.o ABSOLUTE
    ..\..\..\..\..\..\Drivers\STM32L4xx_HAL_Driver\Src\stm32l4xx_hal_cortex.c 0x00000000   Number         0  stm32l4xx_hal_cortex.o ABSOLUTE
    ..\..\..\..\..\..\Drivers\STM32L4xx_HAL_Driver\Src\stm32l4xx_hal_dma.c 0x00000000   Number         0  stm32l4xx_hal_dma.o ABSOLUTE
    ..\..\..\..\..\..\Drivers\STM32L4xx_HAL_Driver\Src\stm32l4xx_hal_gpio.c 0x00000000   Number         0  stm32l4xx_hal_gpio.o ABSOLUTE
    ..\..\..\..\..\..\Drivers\STM32L4xx_HAL_Driver\Src\stm32l4xx_hal_pwr.c 0x00000000   Number         0  stm32l4xx_hal_pwr.o ABSOLUTE
    ..\..\..\..\..\..\Drivers\STM32L4xx_HAL_Driver\Src\stm32l4xx_hal_pwr_ex.c 0x00000000   Number         0  stm32l4xx_hal_pwr_ex.o ABSOLUTE
    ..\..\..\..\..\..\Drivers\STM32L4xx_HAL_Driver\Src\stm32l4xx_hal_rcc.c 0x00000000   Number         0  stm32l4xx_hal_rcc.o ABSOLUTE
    ..\..\..\..\..\..\Drivers\STM32L4xx_HAL_Driver\Src\stm32l4xx_hal_rcc_ex.c 0x00000000   Number         0  stm32l4xx_hal_rcc_ex.o ABSOLUTE
    ..\..\..\..\..\..\Drivers\STM32L4xx_HAL_Driver\Src\stm32l4xx_hal_uart.c 0x00000000   Number         0  stm32l4xx_hal_uart.o ABSOLUTE
    ..\..\..\..\..\..\Drivers\STM32L4xx_HAL_Driver\Src\stm32l4xx_hal_uart_ex.c 0x00000000   Number         0  stm32l4xx_hal_uart_ex.o ABSOLUTE
    ..\Src\main.c                            0x00000000   Number         0  main.o ABSOLUTE
    ..\Src\stm32l4xx_hal_msp.c               0x00000000   Number         0  stm32l4xx_hal_msp.o ABSOLUTE
    ..\Src\stm32l4xx_it.c                    0x00000000   Number         0  stm32l4xx_it.o ABSOLUTE
    ..\Src\system_stm32l4xx.c                0x00000000   Number         0  system_stm32l4xx.o ABSOLUTE
    ..\\..\\..\\..\\..\\..\\Drivers\\BSP\\STM32L476G_EVAL\\stm32l476g_eval.c 0x00000000   Number         0  stm32l476g_eval.o ABSOLUTE
    ..\\..\\..\\..\\..\\..\\Drivers\\STM32L4xx_HAL_Driver\\Src\\stm32l4xx_hal.c 0x00000000   Number         0  stm32l4xx_hal.o ABSOLUTE
    ..\\..\\..\\..\\..\\..\\Drivers\\STM32L4xx_HAL_Driver\\Src\\stm32l4xx_hal_adc.c 0x00000000   Number         0  stm32l4xx_hal_adc.o ABSOLUTE
    ..\\..\\..\\..\\..\\..\\Drivers\\STM32L4xx_HAL_Driver\\Src\\stm32l4xx_hal_adc_ex.c 0x00000000   Number         0  stm32l4xx_hal_adc_ex.o ABSOLUTE
    ..\\..\\..\\..\\..\\..\\Drivers\\STM32L4xx_HAL_Driver\\Src\\stm32l4xx_hal_cortex.c 0x00000000   Number         0  stm32l4xx_hal_cortex.o ABSOLUTE
    ..\\..\\..\\..\\..\\..\\Drivers\\STM32L4xx_HAL_Driver\\Src\\stm32l4xx_hal_dma.c 0x00000000   Number         0  stm32l4xx_hal_dma.o ABSOLUTE
    ..\\..\\..\\..\\..\\..\\Drivers\\STM32L4xx_HAL_Driver\\Src\\stm32l4xx_hal_gpio.c 0x00000000   Number         0  stm32l4xx_hal_gpio.o ABSOLUTE
    ..\\..\\..\\..\\..\\..\\Drivers\\STM32L4xx_HAL_Driver\\Src\\stm32l4xx_hal_pwr.c 0x00000000   Number         0  stm32l4xx_hal_pwr.o ABSOLUTE
    ..\\..\\..\\..\\..\\..\\Drivers\\STM32L4xx_HAL_Driver\\Src\\stm32l4xx_hal_pwr_ex.c 0x00000000   Number         0  stm32l4xx_hal_pwr_ex.o ABSOLUTE
    ..\\..\\..\\..\\..\\..\\Drivers\\STM32L4xx_HAL_Driver\\Src\\stm32l4xx_hal_rcc.c 0x00000000   Number         0  stm32l4xx_hal_rcc.o ABSOLUTE
    ..\\..\\..\\..\\..\\..\\Drivers\\STM32L4xx_HAL_Driver\\Src\\stm32l4xx_hal_rcc_ex.c 0x00000000   Number         0  stm32l4xx_hal_rcc_ex.o ABSOLUTE
    ..\\..\\..\\..\\..\\..\\Drivers\\STM32L4xx_HAL_Driver\\Src\\stm32l4xx_hal_uart.c 0x00000000   Number         0  stm32l4xx_hal_uart.o ABSOLUTE
    ..\\..\\..\\..\\..\\..\\Drivers\\STM32L4xx_HAL_Driver\\Src\\stm32l4xx_hal_uart_ex.c 0x00000000   Number         0  stm32l4xx_hal_uart_ex.o ABSOLUTE
    ..\\Src\\main.c                          0x00000000   Number         0  main.o ABSOLUTE
    ..\\Src\\stm32l4xx_hal_msp.c             0x00000000   Number         0  stm32l4xx_hal_msp.o ABSOLUTE
    ..\\Src\\stm32l4xx_it.c                  0x00000000   Number         0  stm32l4xx_it.o ABSOLUTE
    ..\\Src\\system_stm32l4xx.c              0x00000000   Number         0  system_stm32l4xx.o ABSOLUTE
    dc.s                                     0x00000000   Number         0  dc.o ABSOLUTE
    handlers.s                               0x00000000   Number         0  handlers.o ABSOLUTE
    init.s                                   0x00000000   Number         0  init.o ABSOLUTE
    startup_stm32l476xx.s                    0x00000000   Number         0  startup_stm32l476xx.o ABSOLUTE
    RESET                                    0x08000000   Section      392  startup_stm32l476xx.o(RESET)
    .ARM.Collect$$$$00000000                 0x08000188   Section        0  entry.o(.ARM.Collect$$$$00000000)
    .ARM.Collect$$$$00000001                 0x08000188   Section        4  entry2.o(.ARM.Collect$$$$00000001)
    .ARM.Collect$$$$00000004                 0x0800018c   Section        4  entry5.o(.ARM.Collect$$$$00000004)
    .ARM.Collect$$$$00000008                 0x08000190   Section        0  entry7b.o(.ARM.Collect$$$$00000008)
    .ARM.Collect$$$$0000000A                 0x08000190   Section        0  entry8b.o(.ARM.Collect$$$$0000000A)
    .ARM.Collect$$$$0000000B                 0x08000190   Section        8  entry9a.o(.ARM.Collect$$$$0000000B)
    .ARM.Collect$$$$0000000D                 0x08000198   Section        0  entry10a.o(.ARM.Collect$$$$0000000D)
    .ARM.Collect$$$$0000000F                 0x08000198   Section        0  entry11a.o(.ARM.Collect$$$$0000000F)
    .ARM.Collect$$$$00002712                 0x08000198   Section        4  entry2.o(.ARM.Collect$$$$00002712)
    __lit__00000000                          0x08000198   Data           4  entry2.o(.ARM.Collect$$$$00002712)
    .text                                    0x0800019c   Section       36  startup_stm32l476xx.o(.text)
    $v0                                      0x0800019c   Number         0  startup_stm32l476xx.o(.text)
    .text                                    0x080001c0   Section        0  memseta.o(.text)
    .text                                    0x080001e4   Section       36  init.o(.text)
    i.ADC_ConversionStop                     0x08000208   Section        0  stm32l4xx_hal_adc.o(i.ADC_ConversionStop)
    i.ADC_DMAConvCplt                        0x080002cc   Section        0  stm32l4xx_hal_adc.o(i.ADC_DMAConvCplt)
    i.ADC_DMAError                           0x08000334   Section        0  stm32l4xx_hal_adc.o(i.ADC_DMAError)
    i.ADC_DMAHalfConvCplt                    0x0800034e   Section        0  stm32l4xx_hal_adc.o(i.ADC_DMAHalfConvCplt)
    i.ADC_Disable                            0x08000358   Section        0  stm32l4xx_hal_adc.o(i.ADC_Disable)
    i.ADC_Enable                             0x080003c0   Section        0  stm32l4xx_hal_adc.o(i.ADC_Enable)
    i.BSP_LED_Init                           0x08000458   Section        0  stm32l476g_eval.o(i.BSP_LED_Init)
    i.BSP_LED_On                             0x080004cc   Section        0  stm32l476g_eval.o(i.BSP_LED_On)
    i.BusFault_Handler                       0x080004f0   Section        0  stm32l4xx_it.o(i.BusFault_Handler)
    i.DMA1_Channel1_IRQHandler               0x080004f4   Section        0  stm32l4xx_it.o(i.DMA1_Channel1_IRQHandler)
    i.DMA_SetConfig                          0x08000500   Section        0  stm32l4xx_hal_dma.o(i.DMA_SetConfig)
    DMA_SetConfig                            0x08000501   Thumb Code    42  stm32l4xx_hal_dma.o(i.DMA_SetConfig)
    i.DebugMon_Handler                       0x0800052a   Section        0  stm32l4xx_it.o(i.DebugMon_Handler)
    i.Error_Handler                          0x0800052c   Section        0  main.o(i.Error_Handler)
    Error_Handler                            0x0800052d   Thumb Code     8  main.o(i.Error_Handler)
    i.HAL_ADCEx_Calibration_Start            0x08000534   Section        0  stm32l4xx_hal_adc_ex.o(i.HAL_ADCEx_Calibration_Start)
    i.HAL_ADC_ConfigChannel                  0x080005bc   Section        0  stm32l4xx_hal_adc.o(i.HAL_ADC_ConfigChannel)
    i.HAL_ADC_ConvCpltCallback               0x08000a6c   Section        0  stm32l4xx_hal_adc.o(i.HAL_ADC_ConvCpltCallback)
    i.HAL_ADC_ConvHalfCpltCallback           0x08000a6e   Section        0  stm32l4xx_hal_adc.o(i.HAL_ADC_ConvHalfCpltCallback)
    i.HAL_ADC_DeInit                         0x08000a70   Section        0  stm32l4xx_hal_adc.o(i.HAL_ADC_DeInit)
    i.HAL_ADC_ErrorCallback                  0x08000c50   Section        0  stm32l4xx_hal_adc.o(i.HAL_ADC_ErrorCallback)
    i.HAL_ADC_Init                           0x08000c54   Section        0  stm32l4xx_hal_adc.o(i.HAL_ADC_Init)
    i.HAL_ADC_MspDeInit                      0x08000e6c   Section        0  stm32l4xx_hal_msp.o(i.HAL_ADC_MspDeInit)
    i.HAL_ADC_MspInit                        0x08000e98   Section        0  stm32l4xx_hal_msp.o(i.HAL_ADC_MspInit)
    i.HAL_ADC_Start_DMA                      0x08000f44   Section        0  stm32l4xx_hal_adc.o(i.HAL_ADC_Start_DMA)
    i.HAL_DMA_DeInit                         0x08001058   Section        0  stm32l4xx_hal_dma.o(i.HAL_DMA_DeInit)
    i.HAL_DMA_IRQHandler                     0x080010e4   Section        0  stm32l4xx_hal_dma.o(i.HAL_DMA_IRQHandler)
    i.HAL_DMA_Init                           0x0800118c   Section        0  stm32l4xx_hal_dma.o(i.HAL_DMA_Init)
    i.HAL_DMA_Start_IT                       0x0800124c   Section        0  stm32l4xx_hal_dma.o(i.HAL_DMA_Start_IT)
    i.HAL_GPIO_DeInit                        0x080012bc   Section        0  stm32l4xx_hal_gpio.o(i.HAL_GPIO_DeInit)
    i.HAL_GPIO_Init                          0x08001410   Section        0  stm32l4xx_hal_gpio.o(i.HAL_GPIO_Init)
    i.HAL_GPIO_WritePin                      0x080015da   Section        0  stm32l4xx_hal_gpio.o(i.HAL_GPIO_WritePin)
    i.HAL_GetTick                            0x080015e4   Section        0  stm32l4xx_hal.o(i.HAL_GetTick)
    i.HAL_IncTick                            0x080015f0   Section        0  stm32l4xx_hal.o(i.HAL_IncTick)
    i.HAL_Init                               0x08001600   Section        0  stm32l4xx_hal.o(i.HAL_Init)
    i.HAL_InitTick                           0x08001618   Section        0  stm32l4xx_hal.o(i.HAL_InitTick)
    i.HAL_MspInit                            0x08001640   Section        0  stm32l4xx_hal_msp.o(i.HAL_MspInit)
    i.HAL_NVIC_EnableIRQ                     0x08001642   Section        0  stm32l4xx_hal_cortex.o(i.HAL_NVIC_EnableIRQ)
    i.HAL_NVIC_SetPriority                   0x08001658   Section        0  stm32l4xx_hal_cortex.o(i.HAL_NVIC_SetPriority)
    i.HAL_NVIC_SetPriorityGrouping           0x08001698   Section        0  stm32l4xx_hal_cortex.o(i.HAL_NVIC_SetPriorityGrouping)
    i.HAL_PWREx_GetVoltageRange              0x080016bc   Section        0  stm32l4xx_hal_pwr_ex.o(i.HAL_PWREx_GetVoltageRange)
    i.HAL_RCC_ClockConfig                    0x080016cc   Section        0  stm32l4xx_hal_rcc.o(i.HAL_RCC_ClockConfig)
    i.HAL_RCC_GetSysClockFreq                0x08001844   Section        0  stm32l4xx_hal_rcc.o(i.HAL_RCC_GetSysClockFreq)
    i.HAL_RCC_OscConfig                      0x08001908   Section        0  stm32l4xx_hal_rcc.o(i.HAL_RCC_OscConfig)
    i.HAL_SYSTICK_Config                     0x08001d70   Section        0  stm32l4xx_hal_cortex.o(i.HAL_SYSTICK_Config)
    i.HardFault_Handler                      0x08001d98   Section        0  stm32l4xx_it.o(i.HardFault_Handler)
    i.LL_ADC_GetOffsetChannel                0x08001d9a   Section        0  stm32l4xx_hal_adc.o(i.LL_ADC_GetOffsetChannel)
    LL_ADC_GetOffsetChannel                  0x08001d9b   Thumb Code    12  stm32l4xx_hal_adc.o(i.LL_ADC_GetOffsetChannel)
    i.LL_ADC_REG_IsConversionOngoing         0x08001da6   Section        0  stm32l4xx_hal_adc.o(i.LL_ADC_REG_IsConversionOngoing)
    LL_ADC_REG_IsConversionOngoing           0x08001da7   Thumb Code     8  stm32l4xx_hal_adc.o(i.LL_ADC_REG_IsConversionOngoing)
    i.LL_ADC_SetChannelSamplingTime          0x08001dae   Section        0  stm32l4xx_hal_adc.o(i.LL_ADC_SetChannelSamplingTime)
    LL_ADC_SetChannelSamplingTime            0x08001daf   Thumb Code    70  stm32l4xx_hal_adc.o(i.LL_ADC_SetChannelSamplingTime)
    i.LL_ADC_SetOffsetState                  0x08001df4   Section        0  stm32l4xx_hal_adc.o(i.LL_ADC_SetOffsetState)
    LL_ADC_SetOffsetState                    0x08001df5   Thumb Code    16  stm32l4xx_hal_adc.o(i.LL_ADC_SetOffsetState)
    i.MemManage_Handler                      0x08001e04   Section        0  stm32l4xx_it.o(i.MemManage_Handler)
    i.NMI_Handler                            0x08001e06   Section        0  stm32l4xx_it.o(i.NMI_Handler)
    i.NVIC_SetPriority                       0x08001e08   Section        0  stm32l4xx_hal_cortex.o(i.NVIC_SetPriority)
    NVIC_SetPriority                         0x08001e09   Thumb Code    32  stm32l4xx_hal_cortex.o(i.NVIC_SetPriority)
    i.PendSV_Handler                         0x08001e28   Section        0  stm32l4xx_it.o(i.PendSV_Handler)
    i.RCC_SetFlashLatencyFromMSIRange        0x08001e2c   Section        0  stm32l4xx_hal_rcc.o(i.RCC_SetFlashLatencyFromMSIRange)
    RCC_SetFlashLatencyFromMSIRange          0x08001e2d   Thumb Code   116  stm32l4xx_hal_rcc.o(i.RCC_SetFlashLatencyFromMSIRange)
    i.SVC_Handler                            0x08001ea8   Section        0  stm32l4xx_it.o(i.SVC_Handler)
    i.SysTick_Handler                        0x08001eaa   Section        0  stm32l4xx_it.o(i.SysTick_Handler)
    i.SystemClock_Config                     0x08001eae   Section        0  main.o(i.SystemClock_Config)
    i.SystemInit                             0x08001f14   Section        0  system_stm32l4xx.o(i.SystemInit)
    i.UsageFault_Handler                     0x08001f58   Section        0  stm32l4xx_it.o(i.UsageFault_Handler)
    i.__scatterload_copy                     0x08001f5a   Section       14  handlers.o(i.__scatterload_copy)
    i.__scatterload_null                     0x08001f68   Section        2  handlers.o(i.__scatterload_null)
    i.__scatterload_zeroinit                 0x08001f6a   Section       14  handlers.o(i.__scatterload_zeroinit)
    i.main                                   0x08001f78   Section        0  main.o(i.main)
    .constdata                               0x08002040   Section       20  stm32l476g_eval.o(.constdata)
    .constdata                               0x08002054   Section       64  system_stm32l4xx.o(.constdata)
    .data                                    0x20000000   Section       32  stm32l476g_eval.o(.data)
    .data                                    0x20000020   Section        4  stm32l4xx_hal.o(.data)
    .data                                    0x20000024   Section        4  system_stm32l4xx.o(.data)
    .bss                                     0x20000028   Section      140  main.o(.bss)
    aADCxConvertedData                       0x200000a8   Data          12  main.o(.bss)
    .bss                                     0x200000b4   Section       72  stm32l4xx_hal_msp.o(.bss)
    DmaHandle                                0x200000b4   Data          72  stm32l4xx_hal_msp.o(.bss)
    STACK                                    0x20000100   Section     1024  startup_stm32l476xx.o(STACK)

    Global Symbols

    Symbol Name                              Value     Ov Type        Size  Object(Section)

    BuildAttributes$$THM_ISAv4$E$P$D$K$B$S$7EM$VFPi3$EXTD16$VFPS$VFMA$PE$A:L22UL41UL21$X:L11$S22US41US21$IEEE1$IW$USESV6$~STKCKD$USESV7$~SHL$OSPACE$EBA8$MICROLIB$REQ8$PRES8$EABIv2 0x00000000   Number         0  anon$$obj.o ABSOLUTE
    __ARM_use_no_argv                        0x00000000   Number         0  main.o ABSOLUTE
    __cpp_initialize__aeabi_                  - Undefined Weak Reference
    __cxa_finalize                            - Undefined Weak Reference
    __decompress                              - Undefined Weak Reference
    _clock_init                               - Undefined Weak Reference
    _microlib_exit                            - Undefined Weak Reference
    __Vectors_Size                           0x00000188   Number         0  startup_stm32l476xx.o ABSOLUTE
    __Vectors                                0x08000000   Data           4  startup_stm32l476xx.o(RESET)
    __Vectors_End                            0x08000188   Data           0  startup_stm32l476xx.o(RESET)
    __main                                   0x08000189   Thumb Code     0  entry.o(.ARM.Collect$$$$00000000)
    _main_stk                                0x08000189   Thumb Code     0  entry2.o(.ARM.Collect$$$$00000001)
    _main_scatterload                        0x0800018d   Thumb Code     0  entry5.o(.ARM.Collect$$$$00000004)
    __main_after_scatterload                 0x08000191   Thumb Code     0  entry5.o(.ARM.Collect$$$$00000004)
    _main_clock                              0x08000191   Thumb Code     0  entry7b.o(.ARM.Collect$$$$00000008)
    _main_cpp_init                           0x08000191   Thumb Code     0  entry8b.o(.ARM.Collect$$$$0000000A)
    _main_init                               0x08000191   Thumb Code     0  entry9a.o(.ARM.Collect$$$$0000000B)
    __rt_final_cpp                           0x08000199   Thumb Code     0  entry10a.o(.ARM.Collect$$$$0000000D)
    __rt_final_exit                          0x08000199   Thumb Code     0  entry11a.o(.ARM.Collect$$$$0000000F)
    Reset_Handler                            0x0800019d   Thumb Code     8  startup_stm32l476xx.o(.text)
    ADC1_2_IRQHandler                        0x080001b7   Thumb Code     0  startup_stm32l476xx.o(.text)
    ADC3_IRQHandler                          0x080001b7   Thumb Code     0  startup_stm32l476xx.o(.text)
    CAN1_RX0_IRQHandler                      0x080001b7   Thumb Code     0  startup_stm32l476xx.o(.text)
    CAN1_RX1_IRQHandler                      0x080001b7   Thumb Code     0  startup_stm32l476xx.o(.text)
    CAN1_SCE_IRQHandler                      0x080001b7   Thumb Code     0  startup_stm32l476xx.o(.text)
    CAN1_TX_IRQHandler                       0x080001b7   Thumb Code     0  startup_stm32l476xx.o(.text)
    COMP_IRQHandler                          0x080001b7   Thumb Code     0  startup_stm32l476xx.o(.text)
    DFSDM1_FLT0_IRQHandler                   0x080001b7   Thumb Code     0  startup_stm32l476xx.o(.text)
    DFSDM1_FLT1_IRQHandler                   0x080001b7   Thumb Code     0  startup_stm32l476xx.o(.text)
    DFSDM1_FLT2_IRQHandler                   0x080001b7   Thumb Code     0  startup_stm32l476xx.o(.text)
    DFSDM1_FLT3_IRQHandler                   0x080001b7   Thumb Code     0  startup_stm32l476xx.o(.text)
    DMA1_Channel2_IRQHandler                 0x080001b7   Thumb Code     0  startup_stm32l476xx.o(.text)
    DMA1_Channel3_IRQHandler                 0x080001b7   Thumb Code     0  startup_stm32l476xx.o(.text)
    DMA1_Channel4_IRQHandler                 0x080001b7   Thumb Code     0  startup_stm32l476xx.o(.text)
    DMA1_Channel5_IRQHandler                 0x080001b7   Thumb Code     0  startup_stm32l476xx.o(.text)
    DMA1_Channel6_IRQHandler                 0x080001b7   Thumb Code     0  startup_stm32l476xx.o(.text)
    DMA1_Channel7_IRQHandler                 0x080001b7   Thumb Code     0  startup_stm32l476xx.o(.text)
    DMA2_Channel1_IRQHandler                 0x080001b7   Thumb Code     0  startup_stm32l476xx.o(.text)
    DMA2_Channel2_IRQHandler                 0x080001b7   Thumb Code     0  startup_stm32l476xx.o(.text)
    DMA2_Channel3_IRQHandler                 0x080001b7   Thumb Code     0  startup_stm32l476xx.o(.text)
    DMA2_Channel4_IRQHandler                 0x080001b7   Thumb Code     0  startup_stm32l476xx.o(.text)
    DMA2_Channel5_IRQHandler                 0x080001b7   Thumb Code     0  startup_stm32l476xx.o(.text)
    DMA2_Channel6_IRQHandler                 0x080001b7   Thumb Code     0  startup_stm32l476xx.o(.text)
    DMA2_Channel7_IRQHandler                 0x080001b7   Thumb Code     0  startup_stm32l476xx.o(.text)
    EXTI0_IRQHandler                         0x080001b7   Thumb Code     0  startup_stm32l476xx.o(.text)
    EXTI15_10_IRQHandler                     0x080001b7   Thumb Code     0  startup_stm32l476xx.o(.text)
    EXTI1_IRQHandler                         0x080001b7   Thumb Code     0  startup_stm32l476xx.o(.text)
    EXTI2_IRQHandler                         0x080001b7   Thumb Code     0  startup_stm32l476xx.o(.text)
    EXTI3_IRQHandler                         0x080001b7   Thumb Code     0  startup_stm32l476xx.o(.text)
    EXTI4_IRQHandler                         0x080001b7   Thumb Code     0  startup_stm32l476xx.o(.text)
    EXTI9_5_IRQHandler                       0x080001b7   Thumb Code     0  startup_stm32l476xx.o(.text)
    FLASH_IRQHandler                         0x080001b7   Thumb Code     0  startup_stm32l476xx.o(.text)
    FMC_IRQHandler                           0x080001b7   Thumb Code     0  startup_stm32l476xx.o(.text)
    FPU_IRQHandler                           0x080001b7   Thumb Code     0  startup_stm32l476xx.o(.text)
    I2C1_ER_IRQHandler                       0x080001b7   Thumb Code     0  startup_stm32l476xx.o(.text)
    I2C1_EV_IRQHandler                       0x080001b7   Thumb Code     0  startup_stm32l476xx.o(.text)
    I2C2_ER_IRQHandler                       0x080001b7   Thumb Code     0  startup_stm32l476xx.o(.text)
    I2C2_EV_IRQHandler                       0x080001b7   Thumb Code     0  startup_stm32l476xx.o(.text)
    I2C3_ER_IRQHandler                       0x080001b7   Thumb Code     0  startup_stm32l476xx.o(.text)
    I2C3_EV_IRQHandler                       0x080001b7   Thumb Code     0  startup_stm32l476xx.o(.text)
    LCD_IRQHandler                           0x080001b7   Thumb Code     0  startup_stm32l476xx.o(.text)
    LPTIM1_IRQHandler                        0x080001b7   Thumb Code     0  startup_stm32l476xx.o(.text)
    LPTIM2_IRQHandler                        0x080001b7   Thumb Code     0  startup_stm32l476xx.o(.text)
    LPUART1_IRQHandler                       0x080001b7   Thumb Code     0  startup_stm32l476xx.o(.text)
    OTG_FS_IRQHandler                        0x080001b7   Thumb Code     0  startup_stm32l476xx.o(.text)
    PVD_PVM_IRQHandler                       0x080001b7   Thumb Code     0  startup_stm32l476xx.o(.text)
    QUADSPI_IRQHandler                       0x080001b7   Thumb Code     0  startup_stm32l476xx.o(.text)
    RCC_IRQHandler                           0x080001b7   Thumb Code     0  startup_stm32l476xx.o(.text)
    RNG_IRQHandler                           0x080001b7   Thumb Code     0  startup_stm32l476xx.o(.text)
    RTC_Alarm_IRQHandler                     0x080001b7   Thumb Code     0  startup_stm32l476xx.o(.text)
    RTC_WKUP_IRQHandler                      0x080001b7   Thumb Code     0  startup_stm32l476xx.o(.text)
    SAI1_IRQHandler                          0x080001b7   Thumb Code     0  startup_stm32l476xx.o(.text)
    SAI2_IRQHandler                          0x080001b7   Thumb Code     0  startup_stm32l476xx.o(.text)
    SDMMC1_IRQHandler                        0x080001b7   Thumb Code     0  startup_stm32l476xx.o(.text)
    SPI1_IRQHandler                          0x080001b7   Thumb Code     0  startup_stm32l476xx.o(.text)
    SPI2_IRQHandler                          0x080001b7   Thumb Code     0  startup_stm32l476xx.o(.text)
    SPI3_IRQHandler                          0x080001b7   Thumb Code     0  startup_stm32l476xx.o(.text)
    SWPMI1_IRQHandler                        0x080001b7   Thumb Code     0  startup_stm32l476xx.o(.text)
    TAMP_STAMP_IRQHandler                    0x080001b7   Thumb Code     0  startup_stm32l476xx.o(.text)
    TIM1_BRK_TIM15_IRQHandler                0x080001b7   Thumb Code     0  startup_stm32l476xx.o(.text)
    TIM1_CC_IRQHandler                       0x080001b7   Thumb Code     0  startup_stm32l476xx.o(.text)
    TIM1_TRG_COM_TIM17_IRQHandler            0x080001b7   Thumb Code     0  startup_stm32l476xx.o(.text)
    TIM1_UP_TIM16_IRQHandler                 0x080001b7   Thumb Code     0  startup_stm32l476xx.o(.text)
    TIM2_IRQHandler                          0x080001b7   Thumb Code     0  startup_stm32l476xx.o(.text)
    TIM3_IRQHandler                          0x080001b7   Thumb Code     0  startup_stm32l476xx.o(.text)
    TIM4_IRQHandler                          0x080001b7   Thumb Code     0  startup_stm32l476xx.o(.text)
    TIM5_IRQHandler                          0x080001b7   Thumb Code     0  startup_stm32l476xx.o(.text)
    TIM6_DAC_IRQHandler                      0x080001b7   Thumb Code     0  startup_stm32l476xx.o(.text)
    TIM7_IRQHandler                          0x080001b7   Thumb Code     0  startup_stm32l476xx.o(.text)
    TIM8_BRK_IRQHandler                      0x080001b7   Thumb Code     0  startup_stm32l476xx.o(.text)
    TIM8_CC_IRQHandler                       0x080001b7   Thumb Code     0  startup_stm32l476xx.o(.text)
    TIM8_TRG_COM_IRQHandler                  0x080001b7   Thumb Code     0  startup_stm32l476xx.o(.text)
    TIM8_UP_IRQHandler                       0x080001b7   Thumb Code     0  startup_stm32l476xx.o(.text)
    TSC_IRQHandler                           0x080001b7   Thumb Code     0  startup_stm32l476xx.o(.text)
    UART4_IRQHandler                         0x080001b7   Thumb Code     0  startup_stm32l476xx.o(.text)
    UART5_IRQHandler                         0x080001b7   Thumb Code     0  startup_stm32l476xx.o(.text)
    USART1_IRQHandler                        0x080001b7   Thumb Code     0  startup_stm32l476xx.o(.text)
    USART2_IRQHandler                        0x080001b7   Thumb Code     0  startup_stm32l476xx.o(.text)
    USART3_IRQHandler                        0x080001b7   Thumb Code     0  startup_stm32l476xx.o(.text)
    WWDG_IRQHandler                          0x080001b7   Thumb Code     0  startup_stm32l476xx.o(.text)
    __aeabi_memset                           0x080001c1   Thumb Code    14  memseta.o(.text)
    __aeabi_memset4                          0x080001c1   Thumb Code     0  memseta.o(.text)
    __aeabi_memset8                          0x080001c1   Thumb Code     0  memseta.o(.text)
    __aeabi_memclr                           0x080001cf   Thumb Code     4  memseta.o(.text)
    __aeabi_memclr4                          0x080001cf   Thumb Code     0  memseta.o(.text)
    __aeabi_memclr8                          0x080001cf   Thumb Code     0  memseta.o(.text)
    _memset$wrapper                          0x080001d3   Thumb Code    18  memseta.o(.text)
    __scatterload                            0x080001e5   Thumb Code    28  init.o(.text)
    __scatterload_rt2                        0x080001e5   Thumb Code     0  init.o(.text)
    ADC_ConversionStop                       0x08000209   Thumb Code   186  stm32l4xx_hal_adc.o(i.ADC_ConversionStop)
    ADC_DMAConvCplt                          0x080002cd   Thumb Code   104  stm32l4xx_hal_adc.o(i.ADC_DMAConvCplt)
    ADC_DMAError                             0x08000335   Thumb Code    26  stm32l4xx_hal_adc.o(i.ADC_DMAError)
    ADC_DMAHalfConvCplt                      0x0800034f   Thumb Code    10  stm32l4xx_hal_adc.o(i.ADC_DMAHalfConvCplt)
    ADC_Disable                              0x08000359   Thumb Code    98  stm32l4xx_hal_adc.o(i.ADC_Disable)
    ADC_Enable                               0x080003c1   Thumb Code   138  stm32l4xx_hal_adc.o(i.ADC_Enable)
    BSP_LED_Init                             0x08000459   Thumb Code   102  stm32l476g_eval.o(i.BSP_LED_Init)
    BSP_LED_On                               0x080004cd   Thumb Code    26  stm32l476g_eval.o(i.BSP_LED_On)
    BusFault_Handler                         0x080004f1   Thumb Code     2  stm32l4xx_it.o(i.BusFault_Handler)
    DMA1_Channel1_IRQHandler                 0x080004f5   Thumb Code     8  stm32l4xx_it.o(i.DMA1_Channel1_IRQHandler)
    DebugMon_Handler                         0x0800052b   Thumb Code     2  stm32l4xx_it.o(i.DebugMon_Handler)
    HAL_ADCEx_Calibration_Start              0x08000535   Thumb Code   134  stm32l4xx_hal_adc_ex.o(i.HAL_ADCEx_Calibration_Start)
    HAL_ADC_ConfigChannel                    0x080005bd   Thumb Code  1150  stm32l4xx_hal_adc.o(i.HAL_ADC_ConfigChannel)
    HAL_ADC_ConvCpltCallback                 0x08000a6d   Thumb Code     2  stm32l4xx_hal_adc.o(i.HAL_ADC_ConvCpltCallback)
    HAL_ADC_ConvHalfCpltCallback             0x08000a6f   Thumb Code     2  stm32l4xx_hal_adc.o(i.HAL_ADC_ConvHalfCpltCallback)
    HAL_ADC_DeInit                           0x08000a71   Thumb Code   456  stm32l4xx_hal_adc.o(i.HAL_ADC_DeInit)
    HAL_ADC_ErrorCallback                    0x08000c51   Thumb Code     2  stm32l4xx_hal_adc.o(i.HAL_ADC_ErrorCallback)
    HAL_ADC_Init                             0x08000c55   Thumb Code   498  stm32l4xx_hal_adc.o(i.HAL_ADC_Init)
    HAL_ADC_MspDeInit                        0x08000e6d   Thumb Code    34  stm32l4xx_hal_msp.o(i.HAL_ADC_MspDeInit)
    HAL_ADC_MspInit                          0x08000e99   Thumb Code   156  stm32l4xx_hal_msp.o(i.HAL_ADC_MspInit)
    HAL_ADC_Start_DMA                        0x08000f45   Thumb Code   248  stm32l4xx_hal_adc.o(i.HAL_ADC_Start_DMA)
    HAL_DMA_DeInit                           0x08001059   Thumb Code   126  stm32l4xx_hal_dma.o(i.HAL_DMA_DeInit)
    HAL_DMA_IRQHandler                       0x080010e5   Thumb Code   168  stm32l4xx_hal_dma.o(i.HAL_DMA_IRQHandler)
    HAL_DMA_Init                             0x0800118d   Thumb Code   178  stm32l4xx_hal_dma.o(i.HAL_DMA_Init)
    HAL_DMA_Start_IT                         0x0800124d   Thumb Code   112  stm32l4xx_hal_dma.o(i.HAL_DMA_Start_IT)
    HAL_GPIO_DeInit                          0x080012bd   Thumb Code   298  stm32l4xx_hal_gpio.o(i.HAL_GPIO_DeInit)
    HAL_GPIO_Init                            0x08001411   Thumb Code   414  stm32l4xx_hal_gpio.o(i.HAL_GPIO_Init)
    HAL_GPIO_WritePin                        0x080015db   Thumb Code    10  stm32l4xx_hal_gpio.o(i.HAL_GPIO_WritePin)
    HAL_GetTick                              0x080015e5   Thumb Code     6  stm32l4xx_hal.o(i.HAL_GetTick)
    HAL_IncTick                              0x080015f1   Thumb Code    10  stm32l4xx_hal.o(i.HAL_IncTick)
    HAL_Init                                 0x08001601   Thumb Code    22  stm32l4xx_hal.o(i.HAL_Init)
    HAL_InitTick                             0x08001619   Thumb Code    34  stm32l4xx_hal.o(i.HAL_InitTick)
    HAL_MspInit                              0x08001641   Thumb Code     2  stm32l4xx_hal_msp.o(i.HAL_MspInit)
    HAL_NVIC_EnableIRQ                       0x08001643   Thumb Code    22  stm32l4xx_hal_cortex.o(i.HAL_NVIC_EnableIRQ)
    HAL_NVIC_SetPriority                     0x08001659   Thumb Code    60  stm32l4xx_hal_cortex.o(i.HAL_NVIC_SetPriority)
    HAL_NVIC_SetPriorityGrouping             0x08001699   Thumb Code    26  stm32l4xx_hal_cortex.o(i.HAL_NVIC_SetPriorityGrouping)
    HAL_PWREx_GetVoltageRange                0x080016bd   Thumb Code    10  stm32l4xx_hal_pwr_ex.o(i.HAL_PWREx_GetVoltageRange)
    HAL_RCC_ClockConfig                      0x080016cd   Thumb Code   358  stm32l4xx_hal_rcc.o(i.HAL_RCC_ClockConfig)
    HAL_RCC_GetSysClockFreq                  0x08001845   Thumb Code   182  stm32l4xx_hal_rcc.o(i.HAL_RCC_GetSysClockFreq)
    HAL_RCC_OscConfig                        0x08001909   Thumb Code  1128  stm32l4xx_hal_rcc.o(i.HAL_RCC_OscConfig)
    HAL_SYSTICK_Config                       0x08001d71   Thumb Code    40  stm32l4xx_hal_cortex.o(i.HAL_SYSTICK_Config)
    HardFault_Handler                        0x08001d99   Thumb Code     2  stm32l4xx_it.o(i.HardFault_Handler)
    MemManage_Handler                        0x08001e05   Thumb Code     2  stm32l4xx_it.o(i.MemManage_Handler)
    NMI_Handler                              0x08001e07   Thumb Code     2  stm32l4xx_it.o(i.NMI_Handler)
    PendSV_Handler                           0x08001e29   Thumb Code     2  stm32l4xx_it.o(i.PendSV_Handler)
    SVC_Handler                              0x08001ea9   Thumb Code     2  stm32l4xx_it.o(i.SVC_Handler)
    SysTick_Handler                          0x08001eab   Thumb Code     4  stm32l4xx_it.o(i.SysTick_Handler)
    SystemClock_Config                       0x08001eaf   Thumb Code   100  main.o(i.SystemClock_Config)
    SystemInit                               0x08001f15   Thumb Code    56  system_stm32l4xx.o(i.SystemInit)
    UsageFault_Handler                       0x08001f59   Thumb Code     2  stm32l4xx_it.o(i.UsageFault_Handler)
    __scatterload_copy                       0x08001f5b   Thumb Code    14  handlers.o(i.__scatterload_copy)
    __scatterload_null                       0x08001f69   Thumb Code     2  handlers.o(i.__scatterload_null)
    __scatterload_zeroinit                   0x08001f6b   Thumb Code    14  handlers.o(i.__scatterload_zeroinit)
    main                                     0x08001f79   Thumb Code   180  main.o(i.main)
    BUTTON_IRQn                              0x08002040   Data           1  stm32l476g_eval.o(.constdata)
    BUTTON_PIN                               0x08002042   Data           2  stm32l476g_eval.o(.constdata)
    COM_TX_PIN                               0x08002044   Data           2  stm32l476g_eval.o(.constdata)
    COM_RX_PIN                               0x08002046   Data           2  stm32l476g_eval.o(.constdata)
    COM_TX_AF                                0x08002048   Data           2  stm32l476g_eval.o(.constdata)
    COM_RX_AF                                0x0800204a   Data           2  stm32l476g_eval.o(.constdata)
    LED_PIN                                  0x0800204c   Data           8  stm32l476g_eval.o(.constdata)
    AHBPrescTable                            0x08002054   Data          16  system_stm32l4xx.o(.constdata)
    MSIRangeTable                            0x08002064   Data          48  system_stm32l4xx.o(.constdata)
    Region$$Table$$Base                      0x08002094   Number         0  anon$$obj.o(Region$$Table)
    Region$$Table$$Limit                     0x080020b4   Number         0  anon$$obj.o(Region$$Table)
    BUTTON_PORT                              0x20000000   Data           4  stm32l476g_eval.o(.data)
    COM_USART                                0x20000004   Data           4  stm32l476g_eval.o(.data)
    COM_TX_PORT                              0x20000008   Data           4  stm32l476g_eval.o(.data)
    COM_RX_PORT                              0x2000000c   Data           4  stm32l476g_eval.o(.data)
    LED_PORT                                 0x20000010   Data          16  stm32l476g_eval.o(.data)
    uwTick                                   0x20000020   Data           4  stm32l4xx_hal.o(.data)
    SystemCoreClock                          0x20000024   Data           4  system_stm32l4xx.o(.data)
    AdcHandle                                0x20000028   Data         104  main.o(.bss)
    sConfig                                  0x20000090   Data          24  main.o(.bss)
    __initial_sp                             0x20000500   Data           0  startup_stm32l476xx.o(STACK)



==============================================================================

Memory Map of the image

  Image Entry point : 0x08000189

  Load Region LR_IROM1 (Base: 0x08000000, Size: 0x000020dc, Max: 0x00100000, ABSOLUTE)

    Execution Region ER_IROM1 (Base: 0x08000000, Size: 0x000020b4, Max: 0x00100000, ABSOLUTE)

    Base Addr    Size         Type   Attr      Idx    E Section Name        Object

    0x08000000   0x00000188   Data   RO         2359    RESET               startup_stm32l476xx.o
    0x08000188   0x00000000   Code   RO         2402  * .ARM.Collect$$$$00000000  mc_w.l(entry.o)
    0x08000188   0x00000004   Code   RO         2409    .ARM.Collect$$$$00000001  mc_w.l(entry2.o)
    0x0800018c   0x00000004   Code   RO         2412    .ARM.Collect$$$$00000004  mc_w.l(entry5.o)
    0x08000190   0x00000000   Code   RO         2414    .ARM.Collect$$$$00000008  mc_w.l(entry7b.o)
    0x08000190   0x00000000   Code   RO         2416    .ARM.Collect$$$$0000000A  mc_w.l(entry8b.o)
    0x08000190   0x00000008   Code   RO         2417    .ARM.Collect$$$$0000000B  mc_w.l(entry9a.o)
    0x08000198   0x00000000   Code   RO         2419    .ARM.Collect$$$$0000000D  mc_w.l(entry10a.o)
    0x08000198   0x00000000   Code   RO         2421    .ARM.Collect$$$$0000000F  mc_w.l(entry11a.o)
    0x08000198   0x00000004   Code   RO         2410    .ARM.Collect$$$$00002712  mc_w.l(entry2.o)
    0x0800019c   0x00000024   Code   RO         2360    .text               startup_stm32l476xx.o
    0x080001c0   0x00000024   Code   RO         2407    .text               mc_w.l(memseta.o)
    0x080001e4   0x00000024   Code   RO         2427    .text               mc_w.l(init.o)
    0x08000208   0x000000c4   Code   RO         1092    i.ADC_ConversionStop  stm32l4xx_hal_adc.o
    0x080002cc   0x00000068   Code   RO         1093    i.ADC_DMAConvCplt   stm32l4xx_hal_adc.o
    0x08000334   0x0000001a   Code   RO         1094    i.ADC_DMAError      stm32l4xx_hal_adc.o
    0x0800034e   0x0000000a   Code   RO         1095    i.ADC_DMAHalfConvCplt  stm32l4xx_hal_adc.o
    0x08000358   0x00000068   Code   RO         1096    i.ADC_Disable       stm32l4xx_hal_adc.o
    0x080003c0   0x00000098   Code   RO         1097    i.ADC_Enable        stm32l4xx_hal_adc.o
    0x08000458   0x00000074   Code   RO          272    i.BSP_LED_Init      stm32l476g_eval.o
    0x080004cc   0x00000024   Code   RO          274    i.BSP_LED_On        stm32l476g_eval.o
    0x080004f0   0x00000002   Code   RO          145    i.BusFault_Handler  stm32l4xx_it.o
    0x080004f2   0x00000002   PAD
    0x080004f4   0x0000000c   Code   RO          146    i.DMA1_Channel1_IRQHandler  stm32l4xx_it.o
    0x08000500   0x0000002a   Code   RO          429    i.DMA_SetConfig     stm32l4xx_hal_dma.o
    0x0800052a   0x00000002   Code   RO          147    i.DebugMon_Handler  stm32l4xx_it.o
    0x0800052c   0x00000008   Code   RO            4    i.Error_Handler     main.o
    0x08000534   0x00000086   Code   RO          886    i.HAL_ADCEx_Calibration_Start  stm32l4xx_hal_adc_ex.o
    0x080005ba   0x00000002   PAD
    0x080005bc   0x000004b0   Code   RO         1099    i.HAL_ADC_ConfigChannel  stm32l4xx_hal_adc.o
    0x08000a6c   0x00000002   Code   RO         1100    i.HAL_ADC_ConvCpltCallback  stm32l4xx_hal_adc.o
    0x08000a6e   0x00000002   Code   RO         1101    i.HAL_ADC_ConvHalfCpltCallback  stm32l4xx_hal_adc.o
    0x08000a70   0x000001e0   Code   RO         1102    i.HAL_ADC_DeInit    stm32l4xx_hal_adc.o
    0x08000c50   0x00000002   Code   RO         1103    i.HAL_ADC_ErrorCallback  stm32l4xx_hal_adc.o
    0x08000c52   0x00000002   PAD
    0x08000c54   0x00000218   Code   RO         1108    i.HAL_ADC_Init      stm32l4xx_hal_adc.o
    0x08000e6c   0x0000002c   Code   RO          227    i.HAL_ADC_MspDeInit  stm32l4xx_hal_msp.o
    0x08000e98   0x000000ac   Code   RO          228    i.HAL_ADC_MspInit   stm32l4xx_hal_msp.o
    0x08000f44   0x00000114   Code   RO         1115    i.HAL_ADC_Start_DMA  stm32l4xx_hal_adc.o
    0x08001058   0x0000008c   Code   RO          432    i.HAL_DMA_DeInit    stm32l4xx_hal_dma.o
    0x080010e4   0x000000a8   Code   RO          435    i.HAL_DMA_IRQHandler  stm32l4xx_hal_dma.o
    0x0800118c   0x000000c0   Code   RO          436    i.HAL_DMA_Init      stm32l4xx_hal_dma.o
    0x0800124c   0x00000070   Code   RO          440    i.HAL_DMA_Start_IT  stm32l4xx_hal_dma.o
    0x080012bc   0x00000152   Code   RO         1624    i.HAL_GPIO_DeInit   stm32l4xx_hal_gpio.o
    0x0800140e   0x00000002   PAD
    0x08001410   0x000001ca   Code   RO         1627    i.HAL_GPIO_Init     stm32l4xx_hal_gpio.o
    0x080015da   0x0000000a   Code   RO         1631    i.HAL_GPIO_WritePin  stm32l4xx_hal_gpio.o
    0x080015e4   0x0000000c   Code   RO         1802    i.HAL_GetTick       stm32l4xx_hal.o
    0x080015f0   0x00000010   Code   RO         1806    i.HAL_IncTick       stm32l4xx_hal.o
    0x08001600   0x00000016   Code   RO         1807    i.HAL_Init          stm32l4xx_hal.o
    0x08001616   0x00000002   PAD
    0x08001618   0x00000028   Code   RO         1808    i.HAL_InitTick      stm32l4xx_hal.o
    0x08001640   0x00000002   Code   RO          230    i.HAL_MspInit       stm32l4xx_hal_msp.o
    0x08001642   0x00000016   Code   RO         1314    i.HAL_NVIC_EnableIRQ  stm32l4xx_hal_cortex.o
    0x08001658   0x00000040   Code   RO         1320    i.HAL_NVIC_SetPriority  stm32l4xx_hal_cortex.o
    0x08001698   0x00000024   Code   RO         1321    i.HAL_NVIC_SetPriorityGrouping  stm32l4xx_hal_cortex.o
    0x080016bc   0x00000010   Code   RO          670    i.HAL_PWREx_GetVoltageRange  stm32l4xx_hal_pwr_ex.o
    0x080016cc   0x00000178   Code   RO         1691    i.HAL_RCC_ClockConfig  stm32l4xx_hal_rcc.o
    0x08001844   0x000000c4   Code   RO         1699    i.HAL_RCC_GetSysClockFreq  stm32l4xx_hal_rcc.o
    0x08001908   0x00000468   Code   RO         1702    i.HAL_RCC_OscConfig  stm32l4xx_hal_rcc.o
    0x08001d70   0x00000028   Code   RO         1325    i.HAL_SYSTICK_Config  stm32l4xx_hal_cortex.o
    0x08001d98   0x00000002   Code   RO          148    i.HardFault_Handler  stm32l4xx_it.o
    0x08001d9a   0x0000000c   Code   RO         1121    i.LL_ADC_GetOffsetChannel  stm32l4xx_hal_adc.o
    0x08001da6   0x00000008   Code   RO         1122    i.LL_ADC_REG_IsConversionOngoing  stm32l4xx_hal_adc.o
    0x08001dae   0x00000046   Code   RO         1124    i.LL_ADC_SetChannelSamplingTime  stm32l4xx_hal_adc.o
    0x08001df4   0x00000010   Code   RO         1125    i.LL_ADC_SetOffsetState  stm32l4xx_hal_adc.o
    0x08001e04   0x00000002   Code   RO          149    i.MemManage_Handler  stm32l4xx_it.o
    0x08001e06   0x00000002   Code   RO          150    i.NMI_Handler       stm32l4xx_it.o
    0x08001e08   0x00000020   Code   RO         1327    i.NVIC_SetPriority  stm32l4xx_hal_cortex.o
    0x08001e28   0x00000002   Code   RO          151    i.PendSV_Handler    stm32l4xx_it.o
    0x08001e2a   0x00000002   PAD
    0x08001e2c   0x0000007c   Code   RO         1703    i.RCC_SetFlashLatencyFromMSIRange  stm32l4xx_hal_rcc.o
    0x08001ea8   0x00000002   Code   RO          152    i.SVC_Handler       stm32l4xx_it.o
    0x08001eaa   0x00000004   Code   RO          153    i.SysTick_Handler   stm32l4xx_it.o
    0x08001eae   0x00000064   Code   RO            5    i.SystemClock_Config  main.o
    0x08001f12   0x00000002   PAD
    0x08001f14   0x00000044   Code   RO         2368    i.SystemInit        system_stm32l4xx.o
    0x08001f58   0x00000002   Code   RO          154    i.UsageFault_Handler  stm32l4xx_it.o
    0x08001f5a   0x0000000e   Code   RO         2431    i.__scatterload_copy  mc_w.l(handlers.o)
    0x08001f68   0x00000002   Code   RO         2432    i.__scatterload_null  mc_w.l(handlers.o)
    0x08001f6a   0x0000000e   Code   RO         2433    i.__scatterload_zeroinit  mc_w.l(handlers.o)
    0x08001f78   0x000000c8   Code   RO            6    i.main              main.o
    0x08002040   0x00000014   Data   RO          278    .constdata          stm32l476g_eval.o
    0x08002054   0x00000040   Data   RO         2369    .constdata          system_stm32l4xx.o
    0x08002094   0x00000020   Data   RO         2429    Region$$Table       anon$$obj.o


    Execution Region RW_IRAM2 (Base: 0x10000000, Size: 0x00000000, Max: 0x00008000, ABSOLUTE)

    **** No section assigned to this execution region ****


    Execution Region RW_IRAM1 (Base: 0x20000000, Size: 0x00000500, Max: 0x00018000, ABSOLUTE)

    Base Addr    Size         Type   Attr      Idx    E Section Name        Object

    0x20000000   0x00000020   Data   RW          279    .data               stm32l476g_eval.o
    0x20000020   0x00000004   Data   RW         1823    .data               stm32l4xx_hal.o
    0x20000024   0x00000004   Data   RW         2371    .data               system_stm32l4xx.o
    0x20000028   0x0000008c   Zero   RW            7    .bss                main.o
    0x200000b4   0x00000048   Zero   RW          231    .bss                stm32l4xx_hal_msp.o
    0x200000fc   0x00000004   PAD
    0x20000100   0x00000400   Zero   RW         2357    STACK               startup_stm32l476xx.o


==============================================================================

Image component sizes


      Code (inc. data)   RO Data    RW Data    ZI Data      Debug   Object Name

       308         20          0          0        140     770163   main.o
        36          8        392          0       1024        884   startup_stm32l476xx.o
       152         24         20         32          0     807702   stm32l476g_eval.o
        90         18          0          4          0       4183   stm32l4xx_hal.o
      3196        170          0          0          0      74269   stm32l4xx_hal_adc.o
       134          0          0          0          0       2014   stm32l4xx_hal_adc_ex.o
       194         14          0          0          0      31147   stm32l4xx_hal_cortex.o
       654         28          0          0          0       5184   stm32l4xx_hal_dma.o
       806         72          0          0          0       3862   stm32l4xx_hal_gpio.o
       218         26          0          0         72       2348   stm32l4xx_hal_msp.o
        16          6          0          0          0        688   stm32l4xx_hal_pwr_ex.o
      1824         64          0          0          0       6154   stm32l4xx_hal_rcc.o
        32          4          0          0          0       5409   stm32l4xx_it.o
        68         12         64          4          0       1473   system_stm32l4xx.o

    ----------------------------------------------------------------------
      7742        466        508         40       1240    1715480   Object Totals
         0          0         32          0          0          0   (incl. Generated)
        14          0          0          0          4          0   (incl. Padding)

    ----------------------------------------------------------------------

      Code (inc. data)   RO Data    RW Data    ZI Data      Debug   Library Member Name

         0          0          0          0          0          0   entry.o
         0          0          0          0          0          0   entry10a.o
         0          0          0          0          0          0   entry11a.o
         8          4          0          0          0          0   entry2.o
         4          0          0          0          0          0   entry5.o
         0          0          0          0          0          0   entry7b.o
         0          0          0          0          0          0   entry8b.o
         8          4          0          0          0          0   entry9a.o
        30          0          0          0          0          0   handlers.o
        36          8          0          0          0         68   init.o
        36          0          0          0          0        108   memseta.o

    ----------------------------------------------------------------------
       122         16          0          0          0        176   Library Totals
         0          0          0          0          0          0   (incl. Padding)

    ----------------------------------------------------------------------

      Code (inc. data)   RO Data    RW Data    ZI Data      Debug   Library Name

       122         16          0          0          0        176   mc_w.l

    ----------------------------------------------------------------------
       122         16          0          0          0        176   Library Totals

    ----------------------------------------------------------------------

==============================================================================


      Code (inc. data)   RO Data    RW Data    ZI Data      Debug   

      7864        482        508         40       1240    1710560   Grand Totals
      7864        482        508         40       1240    1710560   ELF Image Totals
      7864        482        508         40          0          0   ROM Totals

==============================================================================

    Total RO  Size (Code + RO Data)                 8372 (   8.18kB)
    Total RW  Size (RW Data + ZI Data)              1280 (   1.25kB)
    Total ROM Size (Code + RO Data + RW Data)       8412 (   8.21kB)

==============================================================================

